Component: ARM Compiler 5.06 update 4 (build 422) Tool: armlink [4d35d2]

==============================================================================

Section Cross References

    startup_stm32f10x_md.o(RESET) refers to startup_stm32f10x_md.o(STACK) for __initial_sp
    startup_stm32f10x_md.o(RESET) refers to startup_stm32f10x_md.o(.text) for Reset_Handler
    startup_stm32f10x_md.o(RESET) refers to stm32f10x_it.o(i.NMI_Handler) for NMI_Handler
    startup_stm32f10x_md.o(RESET) refers to stm32f10x_it.o(i.HardFault_Handler) for HardFault_Handler
    startup_stm32f10x_md.o(RESET) refers to stm32f10x_it.o(i.MemManage_Handler) for MemManage_Handler
    startup_stm32f10x_md.o(RESET) refers to stm32f10x_it.o(i.BusFault_Handler) for BusFault_Handler
    startup_stm32f10x_md.o(RESET) refers to stm32f10x_it.o(i.UsageFault_Handler) for UsageFault_Handler
    startup_stm32f10x_md.o(RESET) refers to stm32f10x_it.o(i.SVC_Handler) for SVC_Handler
    startup_stm32f10x_md.o(RESET) refers to stm32f10x_it.o(i.DebugMon_Handler) for DebugMon_Handler
    startup_stm32f10x_md.o(RESET) refers to stm32f10x_it.o(i.PendSV_Handler) for PendSV_Handler
    startup_stm32f10x_md.o(RESET) refers to stm32f10x_it.o(i.SysTick_Handler) for SysTick_Handler
    startup_stm32f10x_md.o(RESET) refers to pi5008k_func.o(i.EXTI0_IRQHandler) for EXTI0_IRQHandler
    startup_stm32f10x_md.o(RESET) refers to pi5008k_func.o(i.EXTI2_IRQHandler) for EXTI2_IRQHandler
    startup_stm32f10x_md.o(RESET) refers to pi5008k_func.o(i.EXTI4_IRQHandler) for EXTI4_IRQHandler
    startup_stm32f10x_md.o(RESET) refers to pi5008k_can.o(i.USB_LP_CAN1_RX0_IRQHandler) for USB_LP_CAN1_RX0_IRQHandler
    startup_stm32f10x_md.o(RESET) refers to stm32f10x_it.o(i.TIM2_IRQHandler) for TIM2_IRQHandler
    startup_stm32f10x_md.o(RESET) refers to stm32f10x_it.o(i.TIM3_IRQHandler) for TIM3_IRQHandler
    startup_stm32f10x_md.o(RESET) refers to pi5008k_func.o(i.TIM4_IRQHandler) for TIM4_IRQHandler
    startup_stm32f10x_md.o(RESET) refers to pi5008k_func.o(i.USART1_IRQHandler) for USART1_IRQHandler
    startup_stm32f10x_md.o(RESET) refers to pi5008k_func.o(i.USART2_IRQHandler) for USART2_IRQHandler
    startup_stm32f10x_md.o(.text) refers to system_stm32f10x.o(i.SystemInit) for SystemInit
    startup_stm32f10x_md.o(.text) refers to entry.o(.ARM.Collect$$$$00000000) for __main
    main.o(i.main) refers to init.o(i.uComOnChipInitial) for uComOnChipInitial
    main.o(i.main) refers to init.o(i.Delay_ms) for Delay_ms
    main.o(i.main) refers to pi5008k_func.o(i.PI5008K_Init) for PI5008K_Init
    main.o(i.main) refers to pi5008k_func.o(i.PI5008K_UartCmdProcessing) for PI5008K_UartCmdProcessing
    main.o(i.main) refers to pi5008k_remocon.o(i.PI5008K_remocon_test_longkey) for PI5008K_remocon_test_longkey
    main.o(i.main) refers to pi5008k_func.o(i.PI5008K_5Dir_Key_Read) for PI5008K_5Dir_Key_Read
    stm32f10x_it.o(i.SysTick_Handler) refers to init.o(i.TimingDelay_Decrement) for TimingDelay_Decrement
    stm32f10x_it.o(i.TIM2_IRQHandler) refers to stm32f10x_tim.o(i.TIM_GetITStatus) for TIM_GetITStatus
    stm32f10x_it.o(i.TIM2_IRQHandler) refers to stm32f10x_tim.o(i.TIM_GetCapture1) for TIM_GetCapture1
    stm32f10x_it.o(i.TIM2_IRQHandler) refers to stm32f10x_tim.o(i.TIM_SetCounter) for TIM_SetCounter
    stm32f10x_it.o(i.TIM2_IRQHandler) refers to stm32f10x_tim.o(i.TIM_ClearITPendingBit) for TIM_ClearITPendingBit
    stm32f10x_it.o(i.TIM2_IRQHandler) refers to stm32f10x_it.o(.data) for .data
    stm32f10x_it.o(i.TIM3_IRQHandler) refers to stm32f10x_tim.o(i.TIM_GetITStatus) for TIM_GetITStatus
    stm32f10x_it.o(i.TIM3_IRQHandler) refers to stm32f10x_tim.o(i.TIM_ClearITPendingBit) for TIM_ClearITPendingBit
    stm32f10x_it.o(i.TIM3_IRQHandler) refers to stm32f10x_it.o(.data) for .data
    stm32f10x_it.o(i.TIM3_IRQHandler) refers to pi5008k_test.o(.data) for spinLockI2C
    stm32f10x_adc.o(i.ADC_DeInit) refers to stm32f10x_rcc.o(i.RCC_APB2PeriphResetCmd) for RCC_APB2PeriphResetCmd
    stm32f10x_bkp.o(i.BKP_DeInit) refers to stm32f10x_rcc.o(i.RCC_BackupResetCmd) for RCC_BackupResetCmd
    stm32f10x_can.o(i.CAN_DeInit) refers to stm32f10x_rcc.o(i.RCC_APB1PeriphResetCmd) for RCC_APB1PeriphResetCmd
    stm32f10x_can.o(i.CAN_GetITStatus) refers to stm32f10x_can.o(i.CheckITStatus) for CheckITStatus
    stm32f10x_cec.o(i.CEC_DeInit) refers to stm32f10x_rcc.o(i.RCC_APB1PeriphResetCmd) for RCC_APB1PeriphResetCmd
    stm32f10x_dac.o(i.DAC_DeInit) refers to stm32f10x_rcc.o(i.RCC_APB1PeriphResetCmd) for RCC_APB1PeriphResetCmd
    stm32f10x_flash.o(i.FLASH_EnableWriteProtection) refers to stm32f10x_flash.o(i.FLASH_WaitForLastOperation) for FLASH_WaitForLastOperation
    stm32f10x_flash.o(i.FLASH_EraseAllBank1Pages) refers to stm32f10x_flash.o(i.FLASH_WaitForLastBank1Operation) for FLASH_WaitForLastBank1Operation
    stm32f10x_flash.o(i.FLASH_EraseAllPages) refers to stm32f10x_flash.o(i.FLASH_WaitForLastOperation) for FLASH_WaitForLastOperation
[...]
    Removing stm32f10x_pwr.o(i.PWR_EnterSTANDBYMode), (40 bytes).
    Removing stm32f10x_pwr.o(i.PWR_EnterSTOPMode), (52 bytes).
    Removing stm32f10x_pwr.o(i.PWR_GetFlagStatus), (20 bytes).
    Removing stm32f10x_pwr.o(i.PWR_PVDCmd), (12 bytes).
    Removing stm32f10x_pwr.o(i.PWR_PVDLevelConfig), (20 bytes).
    Removing stm32f10x_pwr.o(i.PWR_WakeUpPinCmd), (12 bytes).
    Removing stm32f10x_rcc.o(i.RCC_ADCCLKConfig), (20 bytes).
    Removing stm32f10x_rcc.o(i.RCC_AHBPeriphClockCmd), (24 bytes).
    Removing stm32f10x_rcc.o(i.RCC_APB2PeriphResetCmd), (24 bytes).
    Removing stm32f10x_rcc.o(i.RCC_AdjustHSICalibrationValue), (20 bytes).
    Removing stm32f10x_rcc.o(i.RCC_BackupResetCmd), (12 bytes).
    Removing stm32f10x_rcc.o(i.RCC_ClearFlag), (16 bytes).
    Removing stm32f10x_rcc.o(i.RCC_ClearITPendingBit), (12 bytes).
    Removing stm32f10x_rcc.o(i.RCC_ClockSecuritySystemCmd), (12 bytes).
    Removing stm32f10x_rcc.o(i.RCC_DeInit), (64 bytes).
    Removing stm32f10x_rcc.o(i.RCC_GetFlagStatus), (48 bytes).
    Removing stm32f10x_rcc.o(i.RCC_GetITStatus), (20 bytes).
    Removing stm32f10x_rcc.o(i.RCC_GetSYSCLKSource), (16 bytes).
    Removing stm32f10x_rcc.o(i.RCC_HCLKConfig), (20 bytes).
    Removing stm32f10x_rcc.o(i.RCC_HSEConfig), (52 bytes).
    Removing stm32f10x_rcc.o(i.RCC_HSICmd), (12 bytes).
    Removing stm32f10x_rcc.o(i.RCC_ITConfig), (24 bytes).
    Removing stm32f10x_rcc.o(i.RCC_LSEConfig), (32 bytes).
    Removing stm32f10x_rcc.o(i.RCC_LSICmd), (12 bytes).
    Removing stm32f10x_rcc.o(i.RCC_MCOConfig), (12 bytes).
    Removing stm32f10x_rcc.o(i.RCC_PCLK1Config), (20 bytes).
    Removing stm32f10x_rcc.o(i.RCC_PCLK2Config), (20 bytes).
    Removing stm32f10x_rcc.o(i.RCC_PLLCmd), (12 bytes).
    Removing stm32f10x_rcc.o(i.RCC_PLLConfig), (20 bytes).
    Removing stm32f10x_rcc.o(i.RCC_RTCCLKCmd), (12 bytes).
    Removing stm32f10x_rcc.o(i.RCC_RTCCLKConfig), (16 bytes).
    Removing stm32f10x_rcc.o(i.RCC_SYSCLKConfig), (20 bytes).
    Removing stm32f10x_rcc.o(i.RCC_USBCLKConfig), (12 bytes).
    Removing stm32f10x_rcc.o(i.RCC_WaitForHSEStartUp), (44 bytes).
    Removing stm32f10x_rtc.o(i.RTC_ClearFlag), (16 bytes).
    Removing stm32f10x_rtc.o(i.RTC_ClearITPendingBit), (16 bytes).
    Removing stm32f10x_rtc.o(i.RTC_EnterConfigMode), (16 bytes).
    Removing stm32f10x_rtc.o(i.RTC_ExitConfigMode), (16 bytes).
    Removing stm32f10x_rtc.o(i.RTC_GetCounter), (20 bytes).
    Removing stm32f10x_rtc.o(i.RTC_GetDivider), (24 bytes).
    Removing stm32f10x_rtc.o(i.RTC_GetFlagStatus), (20 bytes).
    Removing stm32f10x_rtc.o(i.RTC_GetITStatus), (32 bytes).
    Removing stm32f10x_rtc.o(i.RTC_ITConfig), (24 bytes).
    Removing stm32f10x_rtc.o(i.RTC_SetAlarm), (32 bytes).
    Removing stm32f10x_rtc.o(i.RTC_SetCounter), (32 bytes).
    Removing stm32f10x_rtc.o(i.RTC_SetPrescaler), (32 bytes).
    Removing stm32f10x_rtc.o(i.RTC_WaitForLastTask), (16 bytes).
    Removing stm32f10x_rtc.o(i.RTC_WaitForSynchro), (24 bytes).
    Removing stm32f10x_sdio.o(i.SDIO_CEATAITCmd), (16 bytes).
    Removing stm32f10x_sdio.o(i.SDIO_ClearFlag), (12 bytes).
    Removing stm32f10x_sdio.o(i.SDIO_ClearITPendingBit), (12 bytes).
    Removing stm32f10x_sdio.o(i.SDIO_ClockCmd), (12 bytes).
    Removing stm32f10x_sdio.o(i.SDIO_CmdStructInit), (14 bytes).
    Removing stm32f10x_sdio.o(i.SDIO_CommandCompletionCmd), (12 bytes).
    Removing stm32f10x_sdio.o(i.SDIO_DMACmd), (12 bytes).
    Removing stm32f10x_sdio.o(i.SDIO_DataConfig), (44 bytes).
    Removing stm32f10x_sdio.o(i.SDIO_DataStructInit), (20 bytes).
    Removing stm32f10x_sdio.o(i.SDIO_DeInit), (36 bytes).
    Removing stm32f10x_sdio.o(i.SDIO_GetCommandResponse), (12 bytes).
    Removing stm32f10x_sdio.o(i.SDIO_GetDataCounter), (12 bytes).
    Removing stm32f10x_sdio.o(i.SDIO_GetFIFOCount), (12 bytes).
    Removing stm32f10x_sdio.o(i.SDIO_GetFlagStatus), (20 bytes).
    Removing stm32f10x_sdio.o(i.SDIO_GetITStatus), (20 bytes).
    Removing stm32f10x_sdio.o(i.SDIO_GetPowerState), (16 bytes).
    Removing stm32f10x_sdio.o(i.SDIO_GetResponse), (16 bytes).
    Removing stm32f10x_sdio.o(i.SDIO_ITConfig), (24 bytes).
    Removing stm32f10x_sdio.o(i.SDIO_Init), (44 bytes).
    Removing stm32f10x_sdio.o(i.SDIO_ReadData), (12 bytes).
    Removing stm32f10x_sdio.o(i.SDIO_SendCEATACmd), (12 bytes).
    Removing stm32f10x_sdio.o(i.SDIO_SendCommand), (40 bytes).
    Removing stm32f10x_sdio.o(i.SDIO_SendSDIOSuspendCmd), (12 bytes).
    Removing stm32f10x_sdio.o(i.SDIO_SetPowerState), (24 bytes).
    Removing stm32f10x_sdio.o(i.SDIO_SetSDIOOperation), (12 bytes).
    Removing stm32f10x_sdio.o(i.SDIO_SetSDIOReadWaitMode), (12 bytes).
    Removing stm32f10x_sdio.o(i.SDIO_StartSDIOReadWait), (12 bytes).
    Removing stm32f10x_sdio.o(i.SDIO_StopSDIOReadWait), (12 bytes).
    Removing stm32f10x_sdio.o(i.SDIO_StructInit), (16 bytes).
    Removing stm32f10x_sdio.o(i.SDIO_WriteData), (12 bytes).
    Removing stm32f10x_spi.o(i.I2S_Cmd), (20 bytes).
    Removing stm32f10x_spi.o(i.I2S_Init), (152 bytes).
    Removing stm32f10x_spi.o(i.I2S_StructInit), (18 bytes).
    Removing stm32f10x_spi.o(i.SPI_BiDirectionalLineConfig), (22 bytes).
    Removing stm32f10x_spi.o(i.SPI_CalculateCRC), (20 bytes).
    Removing stm32f10x_spi.o(i.SPI_Cmd), (20 bytes).
    Removing stm32f10x_spi.o(i.SPI_DataSizeConfig), (16 bytes).
    Removing stm32f10x_spi.o(i.SPI_GetCRC), (12 bytes).
    Removing stm32f10x_spi.o(i.SPI_GetCRCPolynomial), (4 bytes).
    Removing stm32f10x_spi.o(i.SPI_I2S_ClearFlag), (6 bytes).
    Removing stm32f10x_spi.o(i.SPI_I2S_ClearITPendingBit), (14 bytes).
    Removing stm32f10x_spi.o(i.SPI_I2S_DMACmd), (16 bytes).
    Removing stm32f10x_spi.o(i.SPI_I2S_DeInit), (84 bytes).
    Removing stm32f10x_spi.o(i.SPI_I2S_GetFlagStatus), (14 bytes).
    Removing stm32f10x_spi.o(i.SPI_I2S_GetITStatus), (42 bytes).
    Removing stm32f10x_spi.o(i.SPI_I2S_ITConfig), (24 bytes).
    Removing stm32f10x_spi.o(i.SPI_I2S_ReceiveData), (4 bytes).
    Removing stm32f10x_spi.o(i.SPI_I2S_SendData), (4 bytes).
    Removing stm32f10x_spi.o(i.SPI_Init), (56 bytes).
    Removing stm32f10x_spi.o(i.SPI_NSSInternalSoftwareConfig), (24 bytes).
    Removing stm32f10x_spi.o(i.SPI_SSOutputCmd), (20 bytes).
    Removing stm32f10x_spi.o(i.SPI_StructInit), (24 bytes).
    Removing stm32f10x_spi.o(i.SPI_TransmitCRC), (10 bytes).
    Removing stm32f10x_tim.o(i.TI1_Config), (108 bytes).
    Removing stm32f10x_tim.o(i.TI2_Config), (124 bytes).
    Removing stm32f10x_tim.o(i.TIM_ARRPreloadConfig), (20 bytes).
    Removing stm32f10x_tim.o(i.TIM_BDTRConfig), (34 bytes).
    Removing stm32f10x_tim.o(i.TIM_BDTRStructInit), (18 bytes).
    Removing stm32f10x_tim.o(i.TIM_CCPreloadControl), (20 bytes).
    Removing stm32f10x_tim.o(i.TIM_CCxCmd), (22 bytes).
    Removing stm32f10x_tim.o(i.TIM_CCxNCmd), (22 bytes).
    Removing stm32f10x_tim.o(i.TIM_ClearFlag), (6 bytes).
    Removing stm32f10x_tim.o(i.TIM_ClearOC1Ref), (12 bytes).
    Removing stm32f10x_tim.o(i.TIM_ClearOC2Ref), (20 bytes).
    Removing stm32f10x_tim.o(i.TIM_ClearOC3Ref), (12 bytes).
    Removing stm32f10x_tim.o(i.TIM_ClearOC4Ref), (20 bytes).
    Removing stm32f10x_tim.o(i.TIM_CounterModeConfig), (12 bytes).
    Removing stm32f10x_tim.o(i.TIM_CtrlPWMOutputs), (22 bytes).
    Removing stm32f10x_tim.o(i.TIM_DMACmd), (16 bytes).
    Removing stm32f10x_tim.o(i.TIM_DMAConfig), (8 bytes).
    Removing stm32f10x_tim.o(i.TIM_DeInit), (368 bytes).
    Removing stm32f10x_tim.o(i.TIM_ETRClockMode1Config), (18 bytes).
    Removing stm32f10x_tim.o(i.TIM_ETRClockMode2Config), (18 bytes).
    Removing stm32f10x_tim.o(i.TIM_ETRConfig), (24 bytes).
    Removing stm32f10x_tim.o(i.TIM_EncoderInterfaceConfig), (50 bytes).
    Removing stm32f10x_tim.o(i.TIM_ForcedOC1Config), (12 bytes).
    Removing stm32f10x_tim.o(i.TIM_ForcedOC2Config), (20 bytes).
    Removing stm32f10x_tim.o(i.TIM_ForcedOC3Config), (12 bytes).
    Removing stm32f10x_tim.o(i.TIM_ForcedOC4Config), (20 bytes).
    Removing stm32f10x_tim.o(i.TIM_GenerateEvent), (4 bytes).
    Removing stm32f10x_tim.o(i.TIM_GetCapture2), (4 bytes).
    Removing stm32f10x_tim.o(i.TIM_GetCapture3), (4 bytes).
    Removing stm32f10x_tim.o(i.TIM_GetCapture4), (6 bytes).
    Removing stm32f10x_tim.o(i.TIM_GetCounter), (4 bytes).
    Removing stm32f10x_tim.o(i.TIM_GetFlagStatus), (14 bytes).
    Removing stm32f10x_tim.o(i.TIM_GetPrescaler), (4 bytes).
    Removing stm32f10x_tim.o(i.TIM_ICInit), (300 bytes).
    Removing stm32f10x_tim.o(i.TIM_ICStructInit), (16 bytes).
    Removing stm32f10x_tim.o(i.TIM_ITRxExternalClockConfig), (18 bytes).
    Removing stm32f10x_tim.o(i.TIM_InternalClockConfig), (10 bytes).
    Removing stm32f10x_tim.o(i.TIM_OC1FastConfig), (12 bytes).
    Removing stm32f10x_tim.o(i.TIM_OC1Init), (128 bytes).
    Removing stm32f10x_tim.o(i.TIM_OC1NPolarityConfig), (12 bytes).
    Removing stm32f10x_tim.o(i.TIM_OC1PolarityConfig), (12 bytes).
    Removing stm32f10x_tim.o(i.TIM_OC1PreloadConfig), (12 bytes).
    Removing stm32f10x_tim.o(i.TIM_OC2FastConfig), (20 bytes).
    Removing stm32f10x_tim.o(i.TIM_OC2Init), (128 bytes).
    Removing stm32f10x_tim.o(i.TIM_OC2NPolarityConfig), (20 bytes).
    Removing stm32f10x_tim.o(i.TIM_OC2PolarityConfig), (20 bytes).
    Removing stm32f10x_tim.o(i.TIM_OC2PreloadConfig), (20 bytes).
    Removing stm32f10x_tim.o(i.TIM_OC3FastConfig), (12 bytes).
    Removing stm32f10x_tim.o(i.TIM_OC3Init), (124 bytes).
    Removing stm32f10x_tim.o(i.TIM_OC3NPolarityConfig), (20 bytes).
    Removing stm32f10x_tim.o(i.TIM_OC3PolarityConfig), (20 bytes).
    Removing stm32f10x_tim.o(i.TIM_OC3PreloadConfig), (12 bytes).
    Removing stm32f10x_tim.o(i.TIM_OC4FastConfig), (20 bytes).
    Removing stm32f10x_tim.o(i.TIM_OC4Init), (100 bytes).
    Removing stm32f10x_tim.o(i.TIM_OC4PolarityConfig), (20 bytes).
    Removing stm32f10x_tim.o(i.TIM_OC4PreloadConfig), (20 bytes).
    Removing stm32f10x_tim.o(i.TIM_OCStructInit), (20 bytes).
    Removing stm32f10x_tim.o(i.TIM_PWMIConfig), (108 bytes).
    Removing stm32f10x_tim.o(i.TIM_PrescalerConfig), (6 bytes).
    Removing stm32f10x_tim.o(i.TIM_SelectCCDMA), (20 bytes).
    Removing stm32f10x_tim.o(i.TIM_SelectCOM), (20 bytes).
    Removing stm32f10x_tim.o(i.TIM_SelectHallSensor), (20 bytes).
    Removing stm32f10x_tim.o(i.TIM_SelectInputTrigger), (12 bytes).
    Removing stm32f10x_tim.o(i.TIM_SelectMasterSlaveMode), (16 bytes).
    Removing stm32f10x_tim.o(i.TIM_SelectOCxM), (70 bytes).
    Removing stm32f10x_tim.o(i.TIM_SelectOnePulseMode), (16 bytes).
    Removing stm32f10x_tim.o(i.TIM_SelectOutputTrigger), (16 bytes).
    Removing stm32f10x_tim.o(i.TIM_SelectSlaveMode), (16 bytes).
    Removing stm32f10x_tim.o(i.TIM_SetAutoreload), (4 bytes).
    Removing stm32f10x_tim.o(i.TIM_SetClockDivision), (16 bytes).
    Removing stm32f10x_tim.o(i.TIM_SetCompare1), (4 bytes).
    Removing stm32f10x_tim.o(i.TIM_SetCompare2), (4 bytes).
    Removing stm32f10x_tim.o(i.TIM_SetCompare3), (4 bytes).
    Removing stm32f10x_tim.o(i.TIM_SetCompare4), (6 bytes).
    Removing stm32f10x_tim.o(i.TIM_SetIC1Prescaler), (16 bytes).
    Removing stm32f10x_tim.o(i.TIM_SetIC2Prescaler), (24 bytes).
    Removing stm32f10x_tim.o(i.TIM_SetIC3Prescaler), (16 bytes).
    Removing stm32f10x_tim.o(i.TIM_SetIC4Prescaler), (24 bytes).
    Removing stm32f10x_tim.o(i.TIM_TIxExternalClockConfig), (46 bytes).
    Removing stm32f10x_tim.o(i.TIM_TimeBaseStructInit), (18 bytes).
    Removing stm32f10x_tim.o(i.TIM_UpdateDisableConfig), (20 bytes).
    Removing stm32f10x_tim.o(i.TIM_UpdateRequestConfig), (20 bytes).
    Removing stm32f10x_usart.o(i.USART_ClearFlag), (6 bytes).
    Removing stm32f10x_usart.o(i.USART_ClockInit), (30 bytes).
    Removing stm32f10x_usart.o(i.USART_ClockStructInit), (12 bytes).
    Removing stm32f10x_usart.o(i.USART_DMACmd), (16 bytes).
    Removing stm32f10x_usart.o(i.USART_DeInit), (116 bytes).
    Removing stm32f10x_usart.o(i.USART_HalfDuplexCmd), (20 bytes).
    Removing stm32f10x_usart.o(i.USART_IrDACmd), (20 bytes).
    Removing stm32f10x_usart.o(i.USART_IrDAConfig), (16 bytes).
    Removing stm32f10x_usart.o(i.USART_LINBreakDetectLengthConfig), (16 bytes).
    Removing stm32f10x_usart.o(i.USART_LINCmd), (20 bytes).
    Removing stm32f10x_usart.o(i.USART_OneBitMethodCmd), (20 bytes).
    Removing stm32f10x_usart.o(i.USART_OverSampling8Cmd), (20 bytes).
    Removing stm32f10x_usart.o(i.USART_ReceiverWakeUpCmd), (20 bytes).
    Removing stm32f10x_usart.o(i.USART_SendBreak), (10 bytes).
    Removing stm32f10x_usart.o(i.USART_SetAddress), (16 bytes).
    Removing stm32f10x_usart.o(i.USART_SetGuardTime), (16 bytes).
    Removing stm32f10x_usart.o(i.USART_SetPrescaler), (16 bytes).
    Removing stm32f10x_usart.o(i.USART_SmartCardCmd), (20 bytes).
    Removing stm32f10x_usart.o(i.USART_SmartCardNACKCmd), (20 bytes).
    Removing stm32f10x_usart.o(i.USART_StructInit), (22 bytes).
    Removing stm32f10x_usart.o(i.USART_WakeUpConfig), (16 bytes).
    Removing stm32f10x_wwdg.o(i.WWDG_ClearFlag), (12 bytes).
    Removing stm32f10x_wwdg.o(i.WWDG_DeInit), (24 bytes).
    Removing stm32f10x_wwdg.o(i.WWDG_Enable), (16 bytes).
    Removing stm32f10x_wwdg.o(i.WWDG_EnableIT), (16 bytes).
    Removing stm32f10x_wwdg.o(i.WWDG_GetFlagStatus), (12 bytes).
    Removing stm32f10x_wwdg.o(i.WWDG_SetCounter), (16 bytes).
    Removing stm32f10x_wwdg.o(i.WWDG_SetPrescaler), (20 bytes).
    Removing stm32f10x_wwdg.o(i.WWDG_SetWindowValue), (28 bytes).
    Removing core_cm3.o(.emb_text), (32 bytes).
    Removing system_stm32f10x.o(i.SystemCoreClockUpdate), (120 bytes).
    Removing i2c.o(i.I2C_Check), (216 bytes).
    Removing i2c.o(i.I2C_CheckBusy), (64 bytes).
    Removing i2c.o(i.I2C_Clear), (40 bytes).
    Removing i2c.o(i.I2C_GetByte), (120 bytes).
    Removing i2c.o(i.I2C_Read), (140 bytes).
    Removing i2c.o(i.I2C_Read16), (152 bytes).
    Removing i2c.o(i.I2C_SendAddr), (148 bytes).
    Removing i2c.o(i.I2C_SendByte), (104 bytes).
    Removing i2c.o(i.I2C_SpeedReset), (172 bytes).
    Removing i2c.o(i.I2C_Start), (52 bytes).
    Removing i2c.o(i.I2C_Stop), (36 bytes).
    Removing i2c.o(i.I2C_Write), (116 bytes).
    Removing i2c.o(i.I2C_Write16), (124 bytes).
    Removing i2c.o(.data), (3 bytes).
    Removing init.o(i.CalTimer), (28 bytes).
    Removing init.o(i.Check_Timer), (40 bytes).
    Removing init.o(i.EXTI0_Config), (96 bytes).
    Removing init.o(i.GetTimer), (12 bytes).
    Removing init.o(i.TimeService_10ms), (32 bytes).
    Removing init.o(i.fputc), (36 bytes).
    Removing pi5008k_func.o(i.PI5008K_Usart1CmdExistFlagGet), (12 bytes).
    Removing pi5008k_func.o(i.PI5008K_Usart2CmdExistFlagGet), (12 bytes).
    Removing pi5008k_func.o(i.PI5008K_Usart2Push), (280 bytes).
    Removing pi5008k_func.o(.data), (2 bytes).
    Removing pi5008k_can.o(i.CAN1_RX0_IRQHandler), (124 bytes).
    Removing pi5008k_remocon.o(i.PI5008K_remocon_test), (84 bytes).
    Removing pi5008k_remocon.o(i.PI5008K_remocon_test_modif), (120 bytes).
    Removing pi5008k_remocon.o(i.receive_toggle_led), (88 bytes).
    Removing dadd.o(.text), (334 bytes).
    Removing dmul.o(.text), (228 bytes).
    Removing ddiv.o(.text), (222 bytes).
    Removing dfixul.o(.text), (48 bytes).
    Removing cdrcmple.o(.text), (48 bytes).
    Removing depilogue.o(.text), (186 bytes).

470 unused section(s) (total 16795 bytes) removed from the image.

==============================================================================

Image Symbol Table

    Local Symbols

    Symbol Name                              Value     Ov Type        Size  Object(Section)

    ../clib/microlib/ctype/ctype.c           0x00000000   Number         0  isprint_o.o ABSOLUTE
    ../clib/microlib/ctype/ctype.c           0x00000000   Number         0  isspace_o.o ABSOLUTE
    ../clib/microlib/ctype/ctype.c           0x00000000   Number         0  isupper_o.o ABSOLUTE
    ../clib/microlib/ctype/ctype.c           0x00000000   Number         0  isxdigit_o.o ABSOLUTE
    ../clib/microlib/ctype/ctype.c           0x00000000   Number         0  ispunct_o.o ABSOLUTE
    ../clib/microlib/ctype/ctype.c           0x00000000   Number         0  ctype_o.o ABSOLUTE
    ../clib/microlib/ctype/ctype.c           0x00000000   Number         0  isalpha_o.o ABSOLUTE
    ../clib/microlib/ctype/ctype.c           0x00000000   Number         0  isblank_o.o ABSOLUTE
    ../clib/microlib/ctype/ctype.c           0x00000000   Number         0  iscntrl_o.o ABSOLUTE
    ../clib/microlib/ctype/ctype.c           0x00000000   Number         0  isdigit_o.o ABSOLUTE
    ../clib/microlib/ctype/ctype.c           0x00000000   Number         0  isgraph_o.o ABSOLUTE
    ../clib/microlib/ctype/ctype.c           0x00000000   Number         0  isalnum_o.o ABSOLUTE
    ../clib/microlib/ctype/ctype.c           0x00000000   Number         0  islower_o.o ABSOLUTE
    ../clib/microlib/division.c              0x00000000   Number         0  uldiv.o ABSOLUTE
    ../clib/microlib/division.c              0x00000000   Number         0  uidiv.o ABSOLUTE
    ../clib/microlib/errno.c                 0x00000000   Number         0  errno.o ABSOLUTE
    ../clib/microlib/init/entry.s            0x00000000   Number         0  entry8b.o ABSOLUTE
    ../clib/microlib/init/entry.s            0x00000000   Number         0  entry5.o ABSOLUTE
    ../clib/microlib/init/entry.s            0x00000000   Number         0  entry.o ABSOLUTE
    ../clib/microlib/init/entry.s            0x00000000   Number         0  entry11b.o ABSOLUTE
    ../clib/microlib/init/entry.s            0x00000000   Number         0  entry2.o ABSOLUTE
    ../clib/microlib/init/entry.s            0x00000000   Number         0  entry11a.o ABSOLUTE
    ../clib/microlib/init/entry.s            0x00000000   Number         0  entry10b.o ABSOLUTE
    ../clib/microlib/init/entry.s            0x00000000   Number         0  entry9b.o ABSOLUTE
    ../clib/microlib/init/entry.s            0x00000000   Number         0  entry9a.o ABSOLUTE
    ../clib/microlib/init/entry.s            0x00000000   Number         0  entry10a.o ABSOLUTE
    ../clib/microlib/init/entry.s            0x00000000   Number         0  entry8a.o ABSOLUTE
    ../clib/microlib/init/entry.s            0x00000000   Number         0  entry7b.o ABSOLUTE
    ../clib/microlib/init/entry.s            0x00000000   Number         0  entry7a.o ABSOLUTE
    ../clib/microlib/longlong.c              0x00000000   Number         0  llshl.o ABSOLUTE
    ../clib/microlib/longlong.c              0x00000000   Number         0  llsshr.o ABSOLUTE
    ../clib/microlib/longlong.c              0x00000000   Number         0  llushr.o ABSOLUTE
    ../clib/microlib/printf/printf.c         0x00000000   Number         0  printf2.o ABSOLUTE
    ../clib/microlib/printf/printf.c         0x00000000   Number         0  printf1.o ABSOLUTE
    ../clib/microlib/printf/printf.c         0x00000000   Number         0  printfa.o ABSOLUTE
    ../clib/microlib/printf/printf.c         0x00000000   Number         0  printf7.o ABSOLUTE
    ../clib/microlib/printf/printf.c         0x00000000   Number         0  printf0.o ABSOLUTE
    ../clib/microlib/printf/printf.c         0x00000000   Number         0  printfb.o ABSOLUTE
    ../clib/microlib/printf/printf.c         0x00000000   Number         0  printf3.o ABSOLUTE
    ../clib/microlib/printf/printf.c         0x00000000   Number         0  printf4.o ABSOLUTE
    ../clib/microlib/printf/printf.c         0x00000000   Number         0  printf5.o ABSOLUTE
    ../clib/microlib/printf/printf.c         0x00000000   Number         0  printf6.o ABSOLUTE
    ../clib/microlib/printf/printf.c         0x00000000   Number         0  printf8.o ABSOLUTE
    ../clib/microlib/printf/stubs.s          0x00000000   Number         0  stubs.o ABSOLUTE
    ../clib/microlib/stdio/streams.c         0x00000000   Number         0  stdout.o ABSOLUTE
    ../clib/microlib/string/memcpy.c         0x00000000   Number         0  memcpyb.o ABSOLUTE
    ../clib/microlib/string/memcpy.c         0x00000000   Number         0  memcpya.o ABSOLUTE
    ../clib/microlib/string/memset.c         0x00000000   Number         0  memseta.o ABSOLUTE
    ../clib/microlib/string/strcat.c         0x00000000   Number         0  strcat.o ABSOLUTE
    ../clib/microlib/string/strcmp.c         0x00000000   Number         0  strcmp.o ABSOLUTE
    ../clib/microlib/string/strcpy.c         0x00000000   Number         0  strcpy.o ABSOLUTE
    ../clib/microlib/string/strlen.c         0x00000000   Number         0  strlen.o ABSOLUTE
    ../clib/microlib/stubs.s                 0x00000000   Number         0  iusefp.o ABSOLUTE
    ../clib/scanf.c                          0x00000000   Number         0  _strtoul.o ABSOLUTE
    ../clib/scanf.c                          0x00000000   Number         0  strtol.o ABSOLUTE
    ../clib/scanf.c                          0x00000000   Number         0  _chval.o ABSOLUTE
    ../fplib/microlib/fpadd.c                0x00000000   Number         0  dadd.o ABSOLUTE
    ../fplib/microlib/fpdiv.c                0x00000000   Number         0  ddiv.o ABSOLUTE
    ../fplib/microlib/fpepilogue.c           0x00000000   Number         0  depilogue.o ABSOLUTE
    ../fplib/microlib/fpfix.c                0x00000000   Number         0  dfixul.o ABSOLUTE
    ../fplib/microlib/fpmul.c                0x00000000   Number         0  dmul.o ABSOLUTE
    ..\App\main.c                            0x00000000   Number         0  main.o ABSOLUTE
    ..\App\stm32f10x_it.c                    0x00000000   Number         0  stm32f10x_it.o ABSOLUTE
    ..\CMSIS\CM3\CoreSupport\core_cm3.c      0x00000000   Number         0  core_cm3.o ABSOLUTE
    ..\CMSIS\CM3\DeviceSupport\ST\STM32F10x\system_stm32f10x.c 0x00000000   Number         0  system_stm32f10x.o ABSOLUTE
    ..\Common\i2c.c                          0x00000000   Number         0  i2c.o ABSOLUTE
    ..\Common\init.c                         0x00000000   Number         0  init.o ABSOLUTE
    ..\PI5008K\pi5008k_can.c                 0x00000000   Number         0  pi5008k_can.o ABSOLUTE
    ..\PI5008K\pi5008k_func.c                0x00000000   Number         0  pi5008k_func.o ABSOLUTE
    ..\PI5008K\pi5008k_remocon.c             0x00000000   Number         0  pi5008k_remocon.o ABSOLUTE
    ..\PI5008K\pi5008k_test.c                0x00000000   Number         0  pi5008k_test.o ABSOLUTE
    ..\STM32F10x_StdPeriph_Driver\src\misc.c 0x00000000   Number         0  misc.o ABSOLUTE
    ..\STM32F10x_StdPeriph_Driver\src\stm32f10x_adc.c 0x00000000   Number         0  stm32f10x_adc.o ABSOLUTE
    ..\STM32F10x_StdPeriph_Driver\src\stm32f10x_bkp.c 0x00000000   Number         0  stm32f10x_bkp.o ABSOLUTE
    ..\STM32F10x_StdPeriph_Driver\src\stm32f10x_can.c 0x00000000   Number         0  stm32f10x_can.o ABSOLUTE
    ..\STM32F10x_StdPeriph_Driver\src\stm32f10x_cec.c 0x00000000   Number         0  stm32f10x_cec.o ABSOLUTE
    ..\STM32F10x_StdPeriph_Driver\src\stm32f10x_crc.c 0x00000000   Number         0  stm32f10x_crc.o ABSOLUTE
    ..\STM32F10x_StdPeriph_Driver\src\stm32f10x_dac.c 0x00000000   Number         0  stm32f10x_dac.o ABSOLUTE
    ..\STM32F10x_StdPeriph_Driver\src\stm32f10x_dbgmcu.c 0x00000000   Number         0  stm32f10x_dbgmcu.o ABSOLUTE
    ..\STM32F10x_StdPeriph_Driver\src\stm32f10x_dma.c 0x00000000   Number         0  stm32f10x_dma.o ABSOLUTE
    ..\STM32F10x_StdPeriph_Driver\src\stm32f10x_exti.c 0x00000000   Number         0  stm32f10x_exti.o ABSOLUTE
    ..\STM32F10x_StdPeriph_Driver\src\stm32f10x_flash.c 0x00000000   Number         0  stm32f10x_flash.o ABSOLUTE
    ..\STM32F10x_StdPeriph_Driver\src\stm32f10x_fsmc.c 0x00000000   Number         0  stm32f10x_fsmc.o ABSOLUTE
    ..\STM32F10x_StdPeriph_Driver\src\stm32f10x_gpio.c 0x00000000   Number         0  stm32f10x_gpio.o ABSOLUTE
    ..\STM32F10x_StdPeriph_Driver\src\stm32f10x_i2c.c 0x00000000   Number         0  stm32f10x_i2c.o ABSOLUTE
    ..\STM32F10x_StdPeriph_Driver\src\stm32f10x_iwdg.c 0x00000000   Number         0  stm32f10x_iwdg.o ABSOLUTE
    ..\STM32F10x_StdPeriph_Driver\src\stm32f10x_pwr.c 0x00000000   Number         0  stm32f10x_pwr.o ABSOLUTE
    ..\STM32F10x_StdPeriph_Driver\src\stm32f10x_rcc.c 0x00000000   Number         0  stm32f10x_rcc.o ABSOLUTE
    ..\STM32F10x_StdPeriph_Driver\src\stm32f10x_rtc.c 0x00000000   Number         0  stm32f10x_rtc.o ABSOLUTE
    ..\STM32F10x_StdPeriph_Driver\src\stm32f10x_sdio.c 0x00000000   Number         0  stm32f10x_sdio.o ABSOLUTE
    ..\STM32F10x_StdPeriph_Driver\src\stm32f10x_spi.c 0x00000000   Number         0  stm32f10x_spi.o ABSOLUTE
    ..\STM32F10x_StdPeriph_Driver\src\stm32f10x_tim.c 0x00000000   Number         0  stm32f10x_tim.o ABSOLUTE
    ..\STM32F10x_StdPeriph_Driver\src\stm32f10x_usart.c 0x00000000   Number         0  stm32f10x_usart.o ABSOLUTE
    ..\STM32F10x_StdPeriph_Driver\src\stm32f10x_wwdg.c 0x00000000   Number         0  stm32f10x_wwdg.o ABSOLUTE
    ..\\CMSIS\\CM3\\CoreSupport\\core_cm3.c  0x00000000   Number         0  core_cm3.o ABSOLUTE
    cdrcmple.s                               0x00000000   Number         0  cdrcmple.o ABSOLUTE
    dc.s                                     0x00000000   Number         0  dc.o ABSOLUTE
    handlers.s                               0x00000000   Number         0  handlers.o ABSOLUTE
    init.s                                   0x00000000   Number         0  init.o ABSOLUTE
    startup_stm32f10x_md.s                   0x00000000   Number         0  startup_stm32f10x_md.o ABSOLUTE
    RESET                                    0x08000000   Section      236  startup_stm32f10x_md.o(RESET)
    .ARM.Collect$$$$00000000                 0x080000ec   Section        0  entry.o(.ARM.Collect$$$$00000000)
    .ARM.Collect$$$$00000001                 0x080000ec   Section        4  entry2.o(.ARM.Collect$$$$00000001)
    .ARM.Collect$$$$00000004                 0x080000f0   Section        4  entry5.o(.ARM.Collect$$$$00000004)
    .ARM.Collect$$$$00000008                 0x080000f4   Section        0  entry7b.o(.ARM.Collect$$$$00000008)
    .ARM.Collect$$$$0000000A                 0x080000f4   Section        0  entry8b.o(.ARM.Collect$$$$0000000A)
    .ARM.Collect$$$$0000000B                 0x080000f4   Section        8  entry9a.o(.ARM.Collect$$$$0000000B)
    .ARM.Collect$$$$0000000D                 0x080000fc   Section        0  entry10a.o(.ARM.Collect$$$$0000000D)
    .ARM.Collect$$$$0000000F                 0x080000fc   Section        0  entry11a.o(.ARM.Collect$$$$0000000F)
    .ARM.Collect$$$$00002712                 0x080000fc   Section        4  entry2.o(.ARM.Collect$$$$00002712)
    __lit__00000000                          0x080000fc   Data           4  entry2.o(.ARM.Collect$$$$00002712)
    .text                                    0x08000100   Section       36  startup_stm32f10x_md.o(.text)
    .text                                    0x08000124   Section        0  memcpya.o(.text)
    .text                                    0x08000148   Section        0  memseta.o(.text)
    .text                                    0x0800016c   Section        0  strcat.o(.text)
    .text                                    0x08000184   Section        0  strlen.o(.text)
    .text                                    0x08000192   Section        0  strcmp.o(.text)
    .text                                    0x080001ae   Section        0  strcpy.o(.text)
    .text                                    0x080001c0   Section        0  strtol.o(.text)
    .text                                    0x08000230   Section        0  ctype_o.o(.text)
    .text                                    0x08000238   Section        0  _strtoul.o(.text)
    .text                                    0x080002d8   Section       36  init.o(.text)
    .text                                    0x080002fc   Section        0  _chval.o(.text)
    i.BusFault_Handler                       0x08000318   Section        0  stm32f10x_it.o(i.BusFault_Handler)
    i.CAN_Config                             0x0800031c   Section        0  pi5008k_can.o(i.CAN_Config)
    i.CAN_DeInit                             0x080003d8   Section        0  stm32f10x_can.o(i.CAN_DeInit)
    i.CAN_FilterInit                         0x08000404   Section        0  stm32f10x_can.o(i.CAN_FilterInit)
    i.CAN_ITConfig                           0x080004d0   Section        0  stm32f10x_can.o(i.CAN_ITConfig)
    i.CAN_Init                               0x080004e0   Section        0  stm32f10x_can.o(i.CAN_Init)
    i.CAN_NVIC_Config                        0x080005c8   Section        0  pi5008k_can.o(i.CAN_NVIC_Config)
    i.CAN_Receive                            0x080005f0   Section        0  stm32f10x_can.o(i.CAN_Receive)
    i.CAN_StructInit                         0x08000680   Section        0  stm32f10x_can.o(i.CAN_StructInit)
    i.CAN_Transmit                           0x080006a0   Section        0  stm32f10x_can.o(i.CAN_Transmit)
    i.DebugMon_Handler                       0x08000744   Section        0  stm32f10x_it.o(i.DebugMon_Handler)
    i.Delay_10us                             0x08000748   Section        0  init.o(i.Delay_10us)
    i.Delay_ms                               0x08000774   Section        0  init.o(i.Delay_ms)
    i.EXTI0_IRQHandler                       0x080007a0   Section        0  pi5008k_func.o(i.EXTI0_IRQHandler)
    i.EXTI2_IRQHandler                       0x080007dc   Section        0  pi5008k_func.o(i.EXTI2_IRQHandler)
    i.EXTI4_IRQHandler                       0x08000808   Section        0  pi5008k_func.o(i.EXTI4_IRQHandler)
    i.EXTI_ClearITPendingBit                 0x08000834   Section        0  stm32f10x_exti.o(i.EXTI_ClearITPendingBit)
    i.EXTI_GetITStatus                       0x08000840   Section        0  stm32f10x_exti.o(i.EXTI_GetITStatus)
    i.EXTI_Init                              0x08000860   Section        0  stm32f10x_exti.o(i.EXTI_Init)
    i.GPIO_EXTILineConfig                    0x080008d0   Section        0  stm32f10x_gpio.o(i.GPIO_EXTILineConfig)
    i.GPIO_Init                              0x080008f8   Section        0  stm32f10x_gpio.o(i.GPIO_Init)
    i.GPIO_ReadInputDataBit                  0x0800099a   Section        0  stm32f10x_gpio.o(i.GPIO_ReadInputDataBit)
    i.GPIO_WriteBit                          0x080009a8   Section        0  stm32f10x_gpio.o(i.GPIO_WriteBit)
    i.HardFault_Handler                      0x080009b2   Section        0  stm32f10x_it.o(i.HardFault_Handler)
    i.I2C_Cmd                                0x080009b4   Section        0  stm32f10x_i2c.o(i.I2C_Cmd)
    i.I2C_Init                               0x080009c8   Section        0  stm32f10x_i2c.o(i.I2C_Init)
    i.IrRxQueue_DeQueue                      0x08000a84   Section        0  pi5008k_remocon.o(i.IrRxQueue_DeQueue)
    i.IrRxQueue_EnQueue                      0x08000aa4   Section        0  pi5008k_remocon.o(i.IrRxQueue_EnQueue)
    i.IrRxQueue_Is_Empty                     0x08000abc   Section        0  pi5008k_remocon.o(i.IrRxQueue_Is_Empty)
    i.MDelay                                 0x08000ad4   Section        0  pi5008k_test.o(i.MDelay)
    i.MemManage_Handler                      0x08000ada   Section        0  stm32f10x_it.o(i.MemManage_Handler)
    i.NMI_Handler                            0x08000adc   Section        0  stm32f10x_it.o(i.NMI_Handler)
    i.NVIC_Init                              0x08000ae0   Section        0  misc.o(i.NVIC_Init)
    i.NVIC_PriorityGroupConfig               0x08000b44   Section        0  misc.o(i.NVIC_PriorityGroupConfig)
    i.PI5008K_5Dir_Key_Read                  0x08000b58   Section        0  pi5008k_func.o(i.PI5008K_5Dir_Key_Read)
    i.PI5008K_Init                           0x08000c74   Section        0  pi5008k_func.o(i.PI5008K_Init)
    i.PI5008K_LED_TOGGLE                     0x08000d04   Section        0  pi5008k_func.o(i.PI5008K_LED_TOGGLE)
    i.PI5008K_RDK_PrintHelp                  0x08000d68   Section        0  pi5008k_func.o(i.PI5008K_RDK_PrintHelp)
    i.PI5008K_Reset_Con                      0x08000e24   Section        0  pi5008k_test.o(i.PI5008K_Reset_Con)
    i.PI5008K_UART_BUF_INIT                  0x08000e54   Section        0  pi5008k_func.o(i.PI5008K_UART_BUF_INIT)
    i.PI5008K_Uart1_CmdParsing               0x08000ec8   Section        0  pi5008k_func.o(i.PI5008K_Uart1_CmdParsing)
    i.PI5008K_UartCmdProcessing              0x08001210   Section        0  pi5008k_func.o(i.PI5008K_UartCmdProcessing)
    i.PI5008K_Uart_Con_Remote_Cmd            0x08001300   Section        0  pi5008k_func.o(i.PI5008K_Uart_Con_Remote_Cmd)
    i.PI5008K_Uart_Reg_Single_Write          0x080014d0   Section        0  pi5008k_func.o(i.PI5008K_Uart_Reg_Single_Write)
    i.PI5008K_UartcmdGetCheckSum             0x08001680   Section        0  pi5008k_func.o(i.PI5008K_UartcmdGetCheckSum)
    i.PI5008K_Usart1CmdClearBufferAll        0x080016d8   Section        0  pi5008k_func.o(i.PI5008K_Usart1CmdClearBufferAll)
    i.PI5008K_Usart1CmdExistFlagClear        0x0800170c   Section        0  pi5008k_func.o(i.PI5008K_Usart1CmdExistFlagClear)
    i.PI5008K_Usart1GetCh                    0x0800172c   Section        0  pi5008k_func.o(i.PI5008K_Usart1GetCh)
    i.PI5008K_Usart1Push                     0x0800174c   Section        0  pi5008k_func.o(i.PI5008K_Usart1Push)
    i.PI5008K_Usart2CmdClearBufferAll        0x08001864   Section        0  pi5008k_func.o(i.PI5008K_Usart2CmdClearBufferAll)
    i.PI5008K_Usart2CmdExistFlagClear        0x0800189c   Section        0  pi5008k_func.o(i.PI5008K_Usart2CmdExistFlagClear)
    i.PI5008K_Usart2GetCh                    0x080018bc   Section        0  pi5008k_func.o(i.PI5008K_Usart2GetCh)
    i.PI5008K_Usart2_Get_Response            0x080018dc   Section        0  pi5008k_func.o(i.PI5008K_Usart2_Get_Response)
    i.PI5008K_UsartCmdArgHexGet              0x08001910   Section        0  pi5008k_func.o(i.PI5008K_UsartCmdArgHexGet)
    i.PI5008K_remocon_test_longkey           0x08001918   Section        0  pi5008k_remocon.o(i.PI5008K_remocon_test_longkey)
    i.PendSV_Handler                         0x08001974   Section        0  stm32f10x_it.o(i.PendSV_Handler)
    i.PutUart1Con                            0x08001978   Section        0  pi5008k_func.o(i.PutUart1Con)
    i.PutUart2Con                            0x080019b0   Section        0  pi5008k_func.o(i.PutUart2Con)
    i.RCC_APB1PeriphClockCmd                 0x080019f0   Section        0  stm32f10x_rcc.o(i.RCC_APB1PeriphClockCmd)
    i.RCC_APB1PeriphResetCmd                 0x08001a08   Section        0  stm32f10x_rcc.o(i.RCC_APB1PeriphResetCmd)
    i.RCC_APB2PeriphClockCmd                 0x08001a20   Section        0  stm32f10x_rcc.o(i.RCC_APB2PeriphClockCmd)
    i.RCC_GetClocksFreq                      0x08001a38   Section        0  stm32f10x_rcc.o(i.RCC_GetClocksFreq)
    i.SVC_Handler                            0x08001adc   Section        0  stm32f10x_it.o(i.SVC_Handler)
    i.SetSysClockTo72                        0x08001ae0   Section        0  system_stm32f10x.o(i.SetSysClockTo72)
    SetSysClockTo72                          0x08001ae1   Thumb Code   160  system_stm32f10x.o(i.SetSysClockTo72)
    i.Set_5Dir_Sw                            0x08001b88   Section        0  init.o(i.Set_5Dir_Sw)
    i.Set_Can_Init                           0x08001bd4   Section        0  pi5008k_can.o(i.Set_Can_Init)
    i.Set_GPIO_Port                          0x08001bf0   Section        0  init.o(i.Set_GPIO_Port)
    Set_GPIO_Port                            0x08001bf1   Thumb Code   258  init.o(i.Set_GPIO_Port)
    i.Set_I2C_Port                           0x08001d00   Section        0  init.o(i.Set_I2C_Port)
    Set_I2C_Port                             0x08001d01   Thumb Code   140  init.o(i.Set_I2C_Port)
    i.Set_Remocon                            0x08001d9c   Section        0  init.o(i.Set_Remocon)
    i.Set_Timer                              0x08001df8   Section        0  init.o(i.Set_Timer)
    i.Set_USART1                             0x08001e58   Section        0  init.o(i.Set_USART1)
    Set_USART1                               0x08001e59   Thumb Code   168  init.o(i.Set_USART1)
    i.Set_USART2                             0x08001f08   Section        0  init.o(i.Set_USART2)
    Set_USART2                               0x08001f09   Thumb Code   164  init.o(i.Set_USART2)
    i.SysTick_Config                         0x08001fb4   Section        0  init.o(i.SysTick_Config)
    SysTick_Config                           0x08001fb5   Thumb Code    42  init.o(i.SysTick_Config)
    i.SysTick_Handler                        0x08001fe4   Section        0  stm32f10x_it.o(i.SysTick_Handler)
    i.SystemInit                             0x08001fe8   Section        0  system_stm32f10x.o(i.SystemInit)
    i.TIM2_IRQHandler                        0x08002038   Section        0  stm32f10x_it.o(i.TIM2_IRQHandler)
    i.TIM3_IRQHandler                        0x08002070   Section        0  stm32f10x_it.o(i.TIM3_IRQHandler)
    i.TIM4_IRQHandler                        0x080020b0   Section        0  pi5008k_func.o(i.TIM4_IRQHandler)
    i.TIM_ClearITPendingBit                  0x08002198   Section        0  stm32f10x_tim.o(i.TIM_ClearITPendingBit)
    i.TIM_Cmd                                0x0800219e   Section        0  stm32f10x_tim.o(i.TIM_Cmd)
    i.TIM_GetCapture1                        0x080021b2   Section        0  stm32f10x_tim.o(i.TIM_GetCapture1)
    i.TIM_GetITStatus                        0x080021b6   Section        0  stm32f10x_tim.o(i.TIM_GetITStatus)
    i.TIM_ITConfig                           0x080021ce   Section        0  stm32f10x_tim.o(i.TIM_ITConfig)
    i.TIM_SetCounter                         0x080021de   Section        0  stm32f10x_tim.o(i.TIM_SetCounter)
    i.TIM_TimeBaseInit                       0x080021e4   Section        0  stm32f10x_tim.o(i.TIM_TimeBaseInit)
    i.TimingDelay_Decrement                  0x08002280   Section        0  init.o(i.TimingDelay_Decrement)
    i.U10secDelay                            0x08002294   Section        0  pi5008k_test.o(i.U10secDelay)
    i.UART1_PRINTF                           0x0800229c   Section        0  pi5008k_func.o(i.UART1_PRINTF)
    i.UART2_PRINTF                           0x080022b4   Section        0  pi5008k_func.o(i.UART2_PRINTF)
    i.USART1_IRQHandler                      0x080022cc   Section        0  pi5008k_func.o(i.USART1_IRQHandler)
    i.USART2_IRQHandler                      0x0800231c   Section        0  pi5008k_func.o(i.USART2_IRQHandler)
    i.USART_ClearITPendingBit                0x08002384   Section        0  stm32f10x_usart.o(i.USART_ClearITPendingBit)
    i.USART_Cmd                              0x08002390   Section        0  stm32f10x_usart.o(i.USART_Cmd)
    i.USART_GetFlagStatus                    0x080023a4   Section        0  stm32f10x_usart.o(i.USART_GetFlagStatus)
    i.USART_GetITStatus                      0x080023b2   Section        0  stm32f10x_usart.o(i.USART_GetITStatus)
    i.USART_ITConfig                         0x080023f0   Section        0  stm32f10x_usart.o(i.USART_ITConfig)
    i.USART_Init                             0x08002420   Section        0  stm32f10x_usart.o(i.USART_Init)
    i.USART_ReceiveData                      0x080024cc   Section        0  stm32f10x_usart.o(i.USART_ReceiveData)
    i.USART_SendData                         0x080024d4   Section        0  stm32f10x_usart.o(i.USART_SendData)
    i.USB_LP_CAN1_RX0_IRQHandler             0x080024dc   Section        0  pi5008k_can.o(i.USB_LP_CAN1_RX0_IRQHandler)
    i.UsageFault_Handler                     0x08002558   Section        0  stm32f10x_it.o(i.UsageFault_Handler)
    i.__aeabi_errno_addr                     0x0800255c   Section        0  errno.o(i.__aeabi_errno_addr)
    i.__scatterload_copy                     0x08002564   Section       14  handlers.o(i.__scatterload_copy)
    i.__scatterload_null                     0x08002572   Section        2  handlers.o(i.__scatterload_null)
    i.__scatterload_zeroinit                 0x08002574   Section       14  handlers.o(i.__scatterload_zeroinit)
    i.check_time_is_repeat                   0x08002582   Section        0  pi5008k_remocon.o(i.check_time_is_repeat)
    check_time_is_repeat                     0x08002583   Thumb Code    16  pi5008k_remocon.o(i.check_time_is_repeat)
    i.check_time_is_start                    0x08002592   Section        0  pi5008k_remocon.o(i.check_time_is_start)
    check_time_is_start                      0x08002593   Thumb Code    16  pi5008k_remocon.o(i.check_time_is_start)
    i.get_current_ir_key_value               0x080025a4   Section        0  pi5008k_remocon.o(i.get_current_ir_key_value)
    get_current_ir_key_value                 0x080025a5   Thumb Code   108  pi5008k_remocon.o(i.get_current_ir_key_value)
    i.ir_rx_queue_increase_point_value       0x08002638   Section        0  pi5008k_remocon.o(i.ir_rx_queue_increase_point_value)
    ir_rx_queue_increase_point_value         0x08002639   Thumb Code    16  pi5008k_remocon.o(i.ir_rx_queue_increase_point_value)
    i.itoa                                   0x08002648   Section        0  pi5008k_func.o(i.itoa)
    i.long_itoa                              0x08002684   Section        0  pi5008k_func.o(i.long_itoa)
    long_itoa                                0x08002685   Thumb Code   108  pi5008k_func.o(i.long_itoa)
    i.main                                   0x080026f0   Section        0  main.o(i.main)
    i.reverse                                0x0800270e   Section        0  pi5008k_func.o(i.reverse)
    i.send_current_key_value                 0x0800272c   Section        0  pi5008k_remocon.o(i.send_current_key_value)
    send_current_key_value                   0x0800272d   Thumb Code   894  pi5008k_remocon.o(i.send_current_key_value)
    i.swap                                   0x08002e8c   Section        0  pi5008k_func.o(i.swap)
    i.uComOnChipInitial                      0x08002e98   Section        0  init.o(i.uComOnChipInitial)
    i.vfprintf_                              0x08002ef0   Section        0  pi5008k_func.o(i.vfprintf_)
    vfprintf_                                0x08002ef1   Thumb Code   246  pi5008k_func.o(i.vfprintf_)
    .constdata                               0x08002fe6   Section      129  ctype_o.o(.constdata)
    .constdata                               0x08003068   Section        4  ctype_o.o(.constdata)
    table                                    0x08003068   Data           4  ctype_o.o(.constdata)
    .conststring                             0x0800306c   Section      186  pi5008k_func.o(.conststring)
    .data                                    0x20000000   Section        6  stm32f10x_it.o(.data)
    count_300ms                              0x20000002   Data           2  stm32f10x_it.o(.data)
    .data                                    0x20000006   Section       20  stm32f10x_rcc.o(.data)
    ADCPrescTable                            0x20000006   Data           4  stm32f10x_rcc.o(.data)
    APBAHBPrescTable                         0x2000000a   Data          16  stm32f10x_rcc.o(.data)
    .data                                    0x2000001c   Section       20  system_stm32f10x.o(.data)
    .data                                    0x20000030   Section        8  init.o(.data)
    count_10ms                               0x20000032   Data           2  init.o(.data)
    TimingDelay                              0x20000034   Data           4  init.o(.data)
    .data                                    0x20000038   Section       52  pi5008k_func.o(.data)
    .data                                    0x2000006c   Section        4  pi5008k_test.o(.data)
    .data                                    0x20000070   Section        1  pi5008k_can.o(.data)
    .data                                    0x20000074   Section       44  pi5008k_remocon.o(.data)
    currKeyVal                               0x20000098   Data           4  pi5008k_remocon.o(.data)
    currKeyVal                               0x2000009c   Data           4  pi5008k_remocon.o(.data)
    .data                                    0x200000a0   Section        4  errno.o(.data)
    _errno                                   0x200000a0   Data           4  errno.o(.data)
    .bss                                     0x200000a4   Section       20  stm32f10x_it.o(.bss)
    .bss                                     0x200000b8   Section     1140  pi5008k_func.o(.bss)
    gTempCmdBuffer1                          0x200004c8   Data          50  pi5008k_func.o(.bss)
    gTempCmdBuffer2                          0x200004fa   Data          50  pi5008k_func.o(.bss)
    .bss                                     0x2000052c   Section       48  pi5008k_can.o(.bss)
    .bss                                     0x2000055c   Section      400  pi5008k_remocon.o(.bss)
    STACK                                    0x200006f0   Section     1024  startup_stm32f10x_md.o(STACK)

    Global Symbols

    Symbol Name                              Value     Ov Type        Size  Object(Section)

    BuildAttributes$$THM_ISAv4$P$D$K$B$S$PE$A:L22UL41UL21$X:L11$S22US41US21$IEEE1$IW$USESV6$~STKCKD$USESV7$~SHL$OSPACE$ROPI$EBA8$MICROLIB$REQ8$PRES8$EABIv2 0x00000000   Number         0  anon$$obj.o ABSOLUTE
    __ARM_use_no_argv                        0x00000000   Number         0  main.o ABSOLUTE
    _printf_a                                0x00000000   Number         0  stubs.o ABSOLUTE
    _printf_c                                0x00000000   Number         0  stubs.o ABSOLUTE
    _printf_charcount                        0x00000000   Number         0  stubs.o ABSOLUTE
    _printf_d                                0x00000000   Number         0  stubs.o ABSOLUTE
    _printf_e                                0x00000000   Number         0  stubs.o ABSOLUTE
    _printf_f                                0x00000000   Number         0  stubs.o ABSOLUTE
    _printf_flags                            0x00000000   Number         0  stubs.o ABSOLUTE
    _printf_fp_dec                           0x00000000   Number         0  stubs.o ABSOLUTE
    _printf_fp_hex                           0x00000000   Number         0  stubs.o ABSOLUTE
    _printf_g                                0x00000000   Number         0  stubs.o ABSOLUTE
    _printf_i                                0x00000000   Number         0  stubs.o ABSOLUTE
    _printf_int_dec                          0x00000000   Number         0  stubs.o ABSOLUTE
    _printf_l                                0x00000000   Number         0  stubs.o ABSOLUTE
    _printf_lc                               0x00000000   Number         0  stubs.o ABSOLUTE
    _printf_ll                               0x00000000   Number         0  stubs.o ABSOLUTE
    _printf_lld                              0x00000000   Number         0  stubs.o ABSOLUTE
    _printf_lli                              0x00000000   Number         0  stubs.o ABSOLUTE
    _printf_llo                              0x00000000   Number         0  stubs.o ABSOLUTE
    _printf_llu                              0x00000000   Number         0  stubs.o ABSOLUTE
    _printf_llx                              0x00000000   Number         0  stubs.o ABSOLUTE
    _printf_longlong_dec                     0x00000000   Number         0  stubs.o ABSOLUTE
    _printf_longlong_hex                     0x00000000   Number         0  stubs.o ABSOLUTE
    _printf_longlong_oct                     0x00000000   Number         0  stubs.o ABSOLUTE
    _printf_ls                               0x00000000   Number         0  stubs.o ABSOLUTE
    _printf_mbtowc                           0x00000000   Number         0  stubs.o ABSOLUTE
    _printf_n                                0x00000000   Number         0  stubs.o ABSOLUTE
    _printf_o                                0x00000000   Number         0  stubs.o ABSOLUTE
    _printf_p                                0x00000000   Number         0  stubs.o ABSOLUTE
    _printf_percent                          0x00000000   Number         0  stubs.o ABSOLUTE
    _printf_pre_padding                      0x00000000   Number         0  stubs.o ABSOLUTE
    _printf_return_value                     0x00000000   Number         0  stubs.o ABSOLUTE
    _printf_s                                0x00000000   Number         0  stubs.o ABSOLUTE
    _printf_sizespec                         0x00000000   Number         0  stubs.o ABSOLUTE
    _printf_str                              0x00000000   Number         0  stubs.o ABSOLUTE
    _printf_truncate_signed                  0x00000000   Number         0  stubs.o ABSOLUTE
    _printf_truncate_unsigned                0x00000000   Number         0  stubs.o ABSOLUTE
    _printf_u                                0x00000000   Number         0  stubs.o ABSOLUTE
    _printf_wc                               0x00000000   Number         0  stubs.o ABSOLUTE
    _printf_wctomb                           0x00000000   Number         0  stubs.o ABSOLUTE
    _printf_widthprec                        0x00000000   Number         0  stubs.o ABSOLUTE
    _printf_x                                0x00000000   Number         0  stubs.o ABSOLUTE
    __cpp_initialize__aeabi_                  - Undefined Weak Reference
    __cxa_finalize                            - Undefined Weak Reference
    __decompress                              - Undefined Weak Reference
    _clock_init                               - Undefined Weak Reference
    _microlib_exit                            - Undefined Weak Reference
    __Vectors_Size                           0x000000ec   Number         0  startup_stm32f10x_md.o ABSOLUTE
    __Vectors                                0x08000000   Data           4  startup_stm32f10x_md.o(RESET)
    __Vectors_End                            0x080000ec   Data           0  startup_stm32f10x_md.o(RESET)
    __main                                   0x080000ed   Thumb Code     0  entry.o(.ARM.Collect$$$$00000000)
    _main_stk                                0x080000ed   Thumb Code     0  entry2.o(.ARM.Collect$$$$00000001)
    _main_scatterload                        0x080000f1   Thumb Code     0  entry5.o(.ARM.Collect$$$$00000004)
    __main_after_scatterload                 0x080000f5   Thumb Code     0  entry5.o(.ARM.Collect$$$$00000004)
    _main_clock                              0x080000f5   Thumb Code     0  entry7b.o(.ARM.Collect$$$$00000008)
    _main_cpp_init                           0x080000f5   Thumb Code     0  entry8b.o(.ARM.Collect$$$$0000000A)
    _main_init                               0x080000f5   Thumb Code     0  entry9a.o(.ARM.Collect$$$$0000000B)
    __rt_final_cpp                           0x080000fd   Thumb Code     0  entry10a.o(.ARM.Collect$$$$0000000D)
    __rt_final_exit                          0x080000fd   Thumb Code     0  entry11a.o(.ARM.Collect$$$$0000000F)
    Reset_Handler                            0x08000101   Thumb Code     8  startup_stm32f10x_md.o(.text)
    ADC1_2_IRQHandler                        0x0800011b   Thumb Code     0  startup_stm32f10x_md.o(.text)
    CAN1_RX1_IRQHandler                      0x0800011b   Thumb Code     0  startup_stm32f10x_md.o(.text)
    CAN1_SCE_IRQHandler                      0x0800011b   Thumb Code     0  startup_stm32f10x_md.o(.text)
    DMA1_Channel1_IRQHandler                 0x0800011b   Thumb Code     0  startup_stm32f10x_md.o(.text)
    DMA1_Channel2_IRQHandler                 0x0800011b   Thumb Code     0  startup_stm32f10x_md.o(.text)
    DMA1_Channel3_IRQHandler                 0x0800011b   Thumb Code     0  startup_stm32f10x_md.o(.text)
    DMA1_Channel4_IRQHandler                 0x0800011b   Thumb Code     0  startup_stm32f10x_md.o(.text)
    DMA1_Channel5_IRQHandler                 0x0800011b   Thumb Code     0  startup_stm32f10x_md.o(.text)
    DMA1_Channel6_IRQHandler                 0x0800011b   Thumb Code     0  startup_stm32f10x_md.o(.text)
    DMA1_Channel7_IRQHandler                 0x0800011b   Thumb Code     0  startup_stm32f10x_md.o(.text)
    EXTI15_10_IRQHandler                     0x0800011b   Thumb Code     0  startup_stm32f10x_md.o(.text)
    EXTI1_IRQHandler                         0x0800011b   Thumb Code     0  startup_stm32f10x_md.o(.text)
    EXTI3_IRQHandler                         0x0800011b   Thumb Code     0  startup_stm32f10x_md.o(.text)
    EXTI9_5_IRQHandler                       0x0800011b   Thumb Code     0  startup_stm32f10x_md.o(.text)
    FLASH_IRQHandler                         0x0800011b   Thumb Code     0  startup_stm32f10x_md.o(.text)
    I2C1_ER_IRQHandler                       0x0800011b   Thumb Code     0  startup_stm32f10x_md.o(.text)
    I2C1_EV_IRQHandler                       0x0800011b   Thumb Code     0  startup_stm32f10x_md.o(.text)
    I2C2_ER_IRQHandler                       0x0800011b   Thumb Code     0  startup_stm32f10x_md.o(.text)
    I2C2_EV_IRQHandler                       0x0800011b   Thumb Code     0  startup_stm32f10x_md.o(.text)
    PVD_IRQHandler                           0x0800011b   Thumb Code     0  startup_stm32f10x_md.o(.text)
    RCC_IRQHandler                           0x0800011b   Thumb Code     0  startup_stm32f10x_md.o(.text)
    RTCAlarm_IRQHandler                      0x0800011b   Thumb Code     0  startup_stm32f10x_md.o(.text)
    RTC_IRQHandler                           0x0800011b   Thumb Code     0  startup_stm32f10x_md.o(.text)
    SPI1_IRQHandler                          0x0800011b   Thumb Code     0  startup_stm32f10x_md.o(.text)
    SPI2_IRQHandler                          0x0800011b   Thumb Code     0  startup_stm32f10x_md.o(.text)
    TAMPER_IRQHandler                        0x0800011b   Thumb Code     0  startup_stm32f10x_md.o(.text)
    TIM1_BRK_IRQHandler                      0x0800011b   Thumb Code     0  startup_stm32f10x_md.o(.text)
    TIM1_CC_IRQHandler                       0x0800011b   Thumb Code     0  startup_stm32f10x_md.o(.text)
    TIM1_TRG_COM_IRQHandler                  0x0800011b   Thumb Code     0  startup_stm32f10x_md.o(.text)
    TIM1_UP_IRQHandler                       0x0800011b   Thumb Code     0  startup_stm32f10x_md.o(.text)
    USART3_IRQHandler                        0x0800011b   Thumb Code     0  startup_stm32f10x_md.o(.text)
    USBWakeUp_IRQHandler                     0x0800011b   Thumb Code     0  startup_stm32f10x_md.o(.text)
    USB_HP_CAN1_TX_IRQHandler                0x0800011b   Thumb Code     0  startup_stm32f10x_md.o(.text)
    WWDG_IRQHandler                          0x0800011b   Thumb Code     0  startup_stm32f10x_md.o(.text)
    __aeabi_memcpy                           0x08000125   Thumb Code    36  memcpya.o(.text)
    __aeabi_memcpy4                          0x08000125   Thumb Code     0  memcpya.o(.text)
    __aeabi_memcpy8                          0x08000125   Thumb Code     0  memcpya.o(.text)
    __aeabi_memset                           0x08000149   Thumb Code    14  memseta.o(.text)
    __aeabi_memset4                          0x08000149   Thumb Code     0  memseta.o(.text)
    __aeabi_memset8                          0x08000149   Thumb Code     0  memseta.o(.text)
    __aeabi_memclr                           0x08000157   Thumb Code     4  memseta.o(.text)
    __aeabi_memclr4                          0x08000157   Thumb Code     0  memseta.o(.text)
    __aeabi_memclr8                          0x08000157   Thumb Code     0  memseta.o(.text)
    _memset$wrapper                          0x0800015b   Thumb Code    18  memseta.o(.text)
    strcat                                   0x0800016d   Thumb Code    24  strcat.o(.text)
    strlen                                   0x08000185   Thumb Code    14  strlen.o(.text)
    strcmp                                   0x08000193   Thumb Code    28  strcmp.o(.text)
    strcpy                                   0x080001af   Thumb Code    18  strcpy.o(.text)
    strtol                                   0x080001c1   Thumb Code   112  strtol.o(.text)
    __rt_ctype_table                         0x08000231   Thumb Code     4  ctype_o.o(.text)
    _strtoul                                 0x08000239   Thumb Code   158  _strtoul.o(.text)
    __scatterload                            0x080002d9   Thumb Code    28  init.o(.text)
    __scatterload_rt2                        0x080002d9   Thumb Code     0  init.o(.text)
    _chval                                   0x080002fd   Thumb Code    28  _chval.o(.text)
    BusFault_Handler                         0x08000319   Thumb Code     2  stm32f10x_it.o(i.BusFault_Handler)
    CAN_Config                               0x0800031d   Thumb Code   176  pi5008k_can.o(i.CAN_Config)
    CAN_DeInit                               0x080003d9   Thumb Code    38  stm32f10x_can.o(i.CAN_DeInit)
    CAN_FilterInit                           0x08000405   Thumb Code   194  stm32f10x_can.o(i.CAN_FilterInit)
    CAN_ITConfig                             0x080004d1   Thumb Code    16  stm32f10x_can.o(i.CAN_ITConfig)
    CAN_Init                                 0x080004e1   Thumb Code   232  stm32f10x_can.o(i.CAN_Init)
    CAN_NVIC_Config                          0x080005c9   Thumb Code    40  pi5008k_can.o(i.CAN_NVIC_Config)
    CAN_Receive                              0x080005f1   Thumb Code   144  stm32f10x_can.o(i.CAN_Receive)
    CAN_StructInit                           0x08000681   Thumb Code    32  stm32f10x_can.o(i.CAN_StructInit)
    CAN_Transmit                             0x080006a1   Thumb Code   164  stm32f10x_can.o(i.CAN_Transmit)
    DebugMon_Handler                         0x08000745   Thumb Code     2  stm32f10x_it.o(i.DebugMon_Handler)
    Delay_10us                               0x08000749   Thumb Code    32  init.o(i.Delay_10us)
    Delay_ms                                 0x08000775   Thumb Code    34  init.o(i.Delay_ms)
    EXTI0_IRQHandler                         0x080007a1   Thumb Code    54  pi5008k_func.o(i.EXTI0_IRQHandler)
    EXTI2_IRQHandler                         0x080007dd   Thumb Code    30  pi5008k_func.o(i.EXTI2_IRQHandler)
    EXTI4_IRQHandler                         0x08000809   Thumb Code    30  pi5008k_func.o(i.EXTI4_IRQHandler)
    EXTI_ClearITPendingBit                   0x08000835   Thumb Code     6  stm32f10x_exti.o(i.EXTI_ClearITPendingBit)
    EXTI_GetITStatus                         0x08000841   Thumb Code    28  stm32f10x_exti.o(i.EXTI_GetITStatus)
    EXTI_Init                                0x08000861   Thumb Code   108  stm32f10x_exti.o(i.EXTI_Init)
    GPIO_EXTILineConfig                      0x080008d1   Thumb Code    34  stm32f10x_gpio.o(i.GPIO_EXTILineConfig)
    GPIO_Init                                0x080008f9   Thumb Code   162  stm32f10x_gpio.o(i.GPIO_Init)
    GPIO_ReadInputDataBit                    0x0800099b   Thumb Code    14  stm32f10x_gpio.o(i.GPIO_ReadInputDataBit)
    GPIO_WriteBit                            0x080009a9   Thumb Code    10  stm32f10x_gpio.o(i.GPIO_WriteBit)
    HardFault_Handler                        0x080009b3   Thumb Code     2  stm32f10x_it.o(i.HardFault_Handler)
    I2C_Cmd                                  0x080009b5   Thumb Code    20  stm32f10x_i2c.o(i.I2C_Cmd)
    I2C_Init                                 0x080009c9   Thumb Code   178  stm32f10x_i2c.o(i.I2C_Init)
    IrRxQueue_DeQueue                        0x08000a85   Thumb Code    24  pi5008k_remocon.o(i.IrRxQueue_DeQueue)
    IrRxQueue_EnQueue                        0x08000aa5   Thumb Code    16  pi5008k_remocon.o(i.IrRxQueue_EnQueue)
    IrRxQueue_Is_Empty                       0x08000abd   Thumb Code    18  pi5008k_remocon.o(i.IrRxQueue_Is_Empty)
    MDelay                                   0x08000ad5   Thumb Code     6  pi5008k_test.o(i.MDelay)
    MemManage_Handler                        0x08000adb   Thumb Code     2  stm32f10x_it.o(i.MemManage_Handler)
    NMI_Handler                              0x08000add   Thumb Code     2  stm32f10x_it.o(i.NMI_Handler)
    NVIC_Init                                0x08000ae1   Thumb Code    94  misc.o(i.NVIC_Init)
    NVIC_PriorityGroupConfig                 0x08000b45   Thumb Code    10  misc.o(i.NVIC_PriorityGroupConfig)
    PI5008K_5Dir_Key_Read                    0x08000b59   Thumb Code   204  pi5008k_func.o(i.PI5008K_5Dir_Key_Read)
    PI5008K_Init                             0x08000c75   Thumb Code    36  pi5008k_func.o(i.PI5008K_Init)
    PI5008K_LED_TOGGLE                       0x08000d05   Thumb Code    86  pi5008k_func.o(i.PI5008K_LED_TOGGLE)
    PI5008K_RDK_PrintHelp                    0x08000d69   Thumb Code    48  pi5008k_func.o(i.PI5008K_RDK_PrintHelp)
    PI5008K_Reset_Con                        0x08000e25   Thumb Code    44  pi5008k_test.o(i.PI5008K_Reset_Con)
    PI5008K_UART_BUF_INIT                    0x08000e55   Thumb Code   104  pi5008k_func.o(i.PI5008K_UART_BUF_INIT)
    PI5008K_Uart1_CmdParsing                 0x08000ec9   Thumb Code   474  pi5008k_func.o(i.PI5008K_Uart1_CmdParsing)
    PI5008K_UartCmdProcessing                0x08001211   Thumb Code   120  pi5008k_func.o(i.PI5008K_UartCmdProcessing)
    PI5008K_Uart_Con_Remote_Cmd              0x08001301   Thumb Code   160  pi5008k_func.o(i.PI5008K_Uart_Con_Remote_Cmd)
    PI5008K_Uart_Reg_Single_Write            0x080014d1   Thumb Code   258  pi5008k_func.o(i.PI5008K_Uart_Reg_Single_Write)
    PI5008K_UartcmdGetCheckSum               0x08001681   Thumb Code    78  pi5008k_func.o(i.PI5008K_UartcmdGetCheckSum)
    PI5008K_Usart1CmdClearBufferAll          0x080016d9   Thumb Code    44  pi5008k_func.o(i.PI5008K_Usart1CmdClearBufferAll)
    PI5008K_Usart1CmdExistFlagClear          0x0800170d   Thumb Code    22  pi5008k_func.o(i.PI5008K_Usart1CmdExistFlagClear)
    PI5008K_Usart1GetCh                      0x0800172d   Thumb Code    26  pi5008k_func.o(i.PI5008K_Usart1GetCh)
    PI5008K_Usart1Push                       0x0800174d   Thumb Code   236  pi5008k_func.o(i.PI5008K_Usart1Push)
    PI5008K_Usart2CmdClearBufferAll          0x08001865   Thumb Code    42  pi5008k_func.o(i.PI5008K_Usart2CmdClearBufferAll)
    PI5008K_Usart2CmdExistFlagClear          0x0800189d   Thumb Code    22  pi5008k_func.o(i.PI5008K_Usart2CmdExistFlagClear)
    PI5008K_Usart2GetCh                      0x080018bd   Thumb Code    26  pi5008k_func.o(i.PI5008K_Usart2GetCh)
    PI5008K_Usart2_Get_Response              0x080018dd   Thumb Code    44  pi5008k_func.o(i.PI5008K_Usart2_Get_Response)
    PI5008K_UsartCmdArgHexGet                0x08001911   Thumb Code     8  pi5008k_func.o(i.PI5008K_UsartCmdArgHexGet)
    PI5008K_remocon_test_longkey             0x08001919   Thumb Code    88  pi5008k_remocon.o(i.PI5008K_remocon_test_longkey)
    PendSV_Handler                           0x08001975   Thumb Code     2  stm32f10x_it.o(i.PendSV_Handler)
    PutUart1Con                              0x08001979   Thumb Code    52  pi5008k_func.o(i.PutUart1Con)
    PutUart2Con                              0x080019b1   Thumb Code    56  pi5008k_func.o(i.PutUart2Con)
    RCC_APB1PeriphClockCmd                   0x080019f1   Thumb Code    18  stm32f10x_rcc.o(i.RCC_APB1PeriphClockCmd)
    RCC_APB1PeriphResetCmd                   0x08001a09   Thumb Code    18  stm32f10x_rcc.o(i.RCC_APB1PeriphResetCmd)
    RCC_APB2PeriphClockCmd                   0x08001a21   Thumb Code    18  stm32f10x_rcc.o(i.RCC_APB2PeriphClockCmd)
    RCC_GetClocksFreq                        0x08001a39   Thumb Code   140  stm32f10x_rcc.o(i.RCC_GetClocksFreq)
    SVC_Handler                              0x08001add   Thumb Code     2  stm32f10x_it.o(i.SVC_Handler)
    Set_5Dir_Sw                              0x08001b89   Thumb Code    62  init.o(i.Set_5Dir_Sw)
    Set_Can_Init                             0x08001bd5   Thumb Code    24  pi5008k_can.o(i.Set_Can_Init)
    Set_Remocon                              0x08001d9d   Thumb Code    86  init.o(i.Set_Remocon)
    Set_Timer                                0x08001df9   Thumb Code    90  init.o(i.Set_Timer)
    SysTick_Handler                          0x08001fe5   Thumb Code     4  stm32f10x_it.o(i.SysTick_Handler)
    SystemInit                               0x08001fe9   Thumb Code    64  system_stm32f10x.o(i.SystemInit)
    TIM2_IRQHandler                          0x08002039   Thumb Code    50  stm32f10x_it.o(i.TIM2_IRQHandler)
    TIM3_IRQHandler                          0x08002071   Thumb Code    52  stm32f10x_it.o(i.TIM3_IRQHandler)
    TIM4_IRQHandler                          0x080020b1   Thumb Code   170  pi5008k_func.o(i.TIM4_IRQHandler)
    TIM_ClearITPendingBit                    0x08002199   Thumb Code     6  stm32f10x_tim.o(i.TIM_ClearITPendingBit)
    TIM_Cmd                                  0x0800219f   Thumb Code    20  stm32f10x_tim.o(i.TIM_Cmd)
    TIM_GetCapture1                          0x080021b3   Thumb Code     4  stm32f10x_tim.o(i.TIM_GetCapture1)
    TIM_GetITStatus                          0x080021b7   Thumb Code    24  stm32f10x_tim.o(i.TIM_GetITStatus)
    TIM_ITConfig                             0x080021cf   Thumb Code    16  stm32f10x_tim.o(i.TIM_ITConfig)
    TIM_SetCounter                           0x080021df   Thumb Code     4  stm32f10x_tim.o(i.TIM_SetCounter)
    TIM_TimeBaseInit                         0x080021e5   Thumb Code   114  stm32f10x_tim.o(i.TIM_TimeBaseInit)
    TimingDelay_Decrement                    0x08002281   Thumb Code    16  init.o(i.TimingDelay_Decrement)
    U10secDelay                              0x08002295   Thumb Code     6  pi5008k_test.o(i.U10secDelay)
    UART1_PRINTF                             0x0800229d   Thumb Code    20  pi5008k_func.o(i.UART1_PRINTF)
    UART2_PRINTF                             0x080022b5   Thumb Code    20  pi5008k_func.o(i.UART2_PRINTF)
    USART1_IRQHandler                        0x080022cd   Thumb Code    68  pi5008k_func.o(i.USART1_IRQHandler)
    USART2_IRQHandler                        0x0800231d   Thumb Code    72  pi5008k_func.o(i.USART2_IRQHandler)
    USART_ClearITPendingBit                  0x08002385   Thumb Code    12  stm32f10x_usart.o(i.USART_ClearITPendingBit)
    USART_Cmd                                0x08002391   Thumb Code    20  stm32f10x_usart.o(i.USART_Cmd)
    USART_GetFlagStatus                      0x080023a5   Thumb Code    14  stm32f10x_usart.o(i.USART_GetFlagStatus)
    USART_GetITStatus                        0x080023b3   Thumb Code    62  stm32f10x_usart.o(i.USART_GetITStatus)
    USART_ITConfig                           0x080023f1   Thumb Code    48  stm32f10x_usart.o(i.USART_ITConfig)
    USART_Init                               0x08002421   Thumb Code   166  stm32f10x_usart.o(i.USART_Init)
    USART_ReceiveData                        0x080024cd   Thumb Code     8  stm32f10x_usart.o(i.USART_ReceiveData)
    USART_SendData                           0x080024d5   Thumb Code     8  stm32f10x_usart.o(i.USART_SendData)
    USB_LP_CAN1_RX0_IRQHandler               0x080024dd   Thumb Code    58  pi5008k_can.o(i.USB_LP_CAN1_RX0_IRQHandler)
    UsageFault_Handler                       0x08002559   Thumb Code     2  stm32f10x_it.o(i.UsageFault_Handler)
    __aeabi_errno_addr                       0x0800255d   Thumb Code     4  errno.o(i.__aeabi_errno_addr)
    __rt_errno_addr                          0x0800255d   Thumb Code     0  errno.o(i.__aeabi_errno_addr)
    __scatterload_copy                       0x08002565   Thumb Code    14  handlers.o(i.__scatterload_copy)
    __scatterload_null                       0x08002573   Thumb Code     2  handlers.o(i.__scatterload_null)
    __scatterload_zeroinit                   0x08002575   Thumb Code    14  handlers.o(i.__scatterload_zeroinit)
    itoa                                     0x08002649   Thumb Code    60  pi5008k_func.o(i.itoa)
    main                                     0x080026f1   Thumb Code    30  main.o(i.main)
    reverse                                  0x0800270f   Thumb Code    28  pi5008k_func.o(i.reverse)
    swap                                     0x08002e8d   Thumb Code    10  pi5008k_func.o(i.swap)
    uComOnChipInitial                        0x08002e99   Thumb Code    82  init.o(i.uComOnChipInitial)
    __ctype_table                            0x08002fe6   Data         129  ctype_o.o(.constdata)
    Region$$Table$$Base                      0x08003128   Number         0  anon$$obj.o(Region$$Table)
    Region$$Table$$Limit                     0x08003148   Number         0  anon$$obj.o(Region$$Table)
    bFlagReadKey                             0x20000000   Data           1  stm32f10x_it.o(.data)
    IC3ReadValue                             0x20000004   Data           2  stm32f10x_it.o(.data)
    SystemCoreClock                          0x2000001c   Data           4  system_stm32f10x.o(.data)
    AHBPrescTable                            0x20000020   Data          16  system_stm32f10x.o(.data)
    outdata                                  0x20000030   Data           1  init.o(.data)
    g_TimerVal_previous                      0x20000038   Data           2  pi5008k_func.o(.data)
    cnt_10us                                 0x2000003a   Data           2  pi5008k_func.o(.data)
    cnt_1ms                                  0x2000003c   Data           2  pi5008k_func.o(.data)
    cnt_1s                                   0x2000003e   Data           2  pi5008k_func.o(.data)
    tick                                     0x20000040   Data           2  pi5008k_func.o(.data)
    toggle_led_1s                            0x20000042   Data           2  pi5008k_func.o(.data)
    pi5008k_usart1_buffer_cnt                0x20000044   Data           4  pi5008k_func.o(.data)
    pi5008k_usart2_buffer_cnt                0x20000048   Data           4  pi5008k_func.o(.data)
    pi5008k_usart1_arg_div_point_cnt         0x2000004c   Data           4  pi5008k_func.o(.data)
    pi5008k_usart2_arg_div_point_cnt         0x20000050   Data           4  pi5008k_func.o(.data)
    pi5008k_usart_arg_cnt_for_test           0x20000054   Data           4  pi5008k_func.o(.data)
    pi5008k_usart1_cmd_exist_flag            0x20000058   Data           4  pi5008k_func.o(.data)
    pi5008k_usart2_cmd_exist_flag            0x2000005c   Data           4  pi5008k_func.o(.data)
    jogkey_cnt                               0x20000060   Data           4  pi5008k_func.o(.data)
    jogkey_pre_cnt                           0x20000064   Data           4  pi5008k_func.o(.data)
    jogkey_cur_val                           0x20000068   Data           4  pi5008k_func.o(.data)
    spinLockI2C                              0x2000006c   Data           4  pi5008k_test.o(.data)
    KeyNumber                                0x20000070   Data           1  pi5008k_can.o(.data)
    ir_rx_queue_point_head                   0x20000074   Data           4  pi5008k_remocon.o(.data)
    ir_rx_queue_point_tail                   0x20000078   Data           4  pi5008k_remocon.o(.data)
    g_old_KeyVal                             0x2000007c   Data           4  pi5008k_remocon.o(.data)
    g_start_key_tim                          0x20000080   Data           4  pi5008k_remocon.o(.data)
    g_long_key_flag                          0x20000084   Data           4  pi5008k_remocon.o(.data)
    g_input_key_flag                         0x20000088   Data           4  pi5008k_remocon.o(.data)
    g_repeat_cnt                             0x2000008c   Data           4  pi5008k_remocon.o(.data)
    g_repeat_cnt_prv                         0x20000090   Data           4  pi5008k_remocon.o(.data)
    toggle_led                               0x20000094   Data           4  pi5008k_remocon.o(.data)
    RxMessage                                0x200000a4   Data          20  stm32f10x_it.o(.bss)
    pi5008k_usart1_get_buffer                0x200000b8   Data          50  pi5008k_func.o(.bss)
    pi5008k_usart2_get_buffer                0x200000ea   Data          50  pi5008k_func.o(.bss)
    pi5008k_usart1_get_cmd                   0x2000011c   Data          50  pi5008k_func.o(.bss)
    pi5008k_usart2_get_cmd                   0x2000014e   Data          50  pi5008k_func.o(.bss)
    pi5008k_usart1_get_cmd_arg               0x20000180   Data         400  pi5008k_func.o(.bss)
    pi5008k_usart2_get_cmd_arg               0x20000310   Data         400  pi5008k_func.o(.bss)
    pi5008k_usart1_get_cmd_arg_div_point     0x200004a0   Data          20  pi5008k_func.o(.bss)
    pi5008k_usart2_get_cmd_arg_div_point     0x200004b4   Data          20  pi5008k_func.o(.bss)
    CAN_InitStructure                        0x2000052c   Data          12  pi5008k_can.o(.bss)
    CAN_FilterInitStructure                  0x20000538   Data          14  pi5008k_can.o(.bss)
    TxMessage                                0x20000548   Data          20  pi5008k_can.o(.bss)
    ir_rx_queue_buf                          0x2000055c   Data         400  pi5008k_remocon.o(.bss)
    __initial_sp                             0x20000af0   Data           0  startup_stm32f10x_md.o(STACK)



==============================================================================

Memory Map of the image

  Image Entry point : 0x080000ed

  Load Region LR_IROM1 (Base: 0x08000000, Size: 0x000031ec, Max: 0x00010000, ABSOLUTE)

    Execution Region ER_IROM1 (Base: 0x08000000, Size: 0x00003148, Max: 0x00010000, ABSOLUTE)

    Base Addr    Size         Type   Attr      Idx    E Section Name        Object

    0x08000000   0x000000ec   Data   RO            3    RESET               startup_stm32f10x_md.o
    0x080000ec   0x00000000   Code   RO          594  * .ARM.Collect$$$$00000000  mc_w.l(entry.o)
    0x080000ec   0x00000004   Code   RO          736    .ARM.Collect$$$$00000001  mc_w.l(entry2.o)
    0x080000f0   0x00000004   Code   RO          739    .ARM.Collect$$$$00000004  mc_w.l(entry5.o)
    0x080000f4   0x00000000   Code   RO          741    .ARM.Collect$$$$00000008  mc_w.l(entry7b.o)
    0x080000f4   0x00000000   Code   RO          743    .ARM.Collect$$$$0000000A  mc_w.l(entry8b.o)
    0x080000f4   0x00000008   Code   RO          744    .ARM.Collect$$$$0000000B  mc_w.l(entry9a.o)
    0x080000fc   0x00000000   Code   RO          746    .ARM.Collect$$$$0000000D  mc_w.l(entry10a.o)
    0x080000fc   0x00000000   Code   RO          748    .ARM.Collect$$$$0000000F  mc_w.l(entry11a.o)
    0x080000fc   0x00000004   Code   RO          737    .ARM.Collect$$$$00002712  mc_w.l(entry2.o)
    0x08000100   0x00000024   Code   RO            4    .text               startup_stm32f10x_md.o
    0x08000124   0x00000024   Code   RO          597    .text               mc_w.l(memcpya.o)
    0x08000148   0x00000024   Code   RO          598    .text               mc_w.l(memseta.o)
    0x0800016c   0x00000018   Code   RO          599    .text               mc_w.l(strcat.o)
    0x08000184   0x0000000e   Code   RO          600    .text               mc_w.l(strlen.o)
    0x08000192   0x0000001c   Code   RO          601    .text               mc_w.l(strcmp.o)
    0x080001ae   0x00000012   Code   RO          602    .text               mc_w.l(strcpy.o)
    0x080001c0   0x00000070   Code   RO          735    .text               mc_w.l(strtol.o)
    0x08000230   0x00000008   Code   RO          753    .text               mc_w.l(ctype_o.o)
    0x08000238   0x0000009e   Code   RO          772    .text               mc_w.l(_strtoul.o)
    0x080002d6   0x00000002   PAD
    0x080002d8   0x00000024   Code   RO          779    .text               mc_w.l(init.o)
    0x080002fc   0x0000001c   Code   RO          783    .text               mc_w.l(_chval.o)
    0x08000318   0x00000002   Code   RO            6    i.BusFault_Handler  stm32f10x_it.o
    0x0800031a   0x00000002   PAD
    0x0800031c   0x000000bc   Code   RO          574    i.CAN_Config        pi5008k_can.o
    0x080003d8   0x0000002c   Code   RO           76    i.CAN_DeInit        stm32f10x_can.o
    0x08000404   0x000000cc   Code   RO           78    i.CAN_FilterInit    stm32f10x_can.o
    0x080004d0   0x00000010   Code   RO           84    i.CAN_ITConfig      stm32f10x_can.o
    0x080004e0   0x000000e8   Code   RO           85    i.CAN_Init          stm32f10x_can.o
    0x080005c8   0x00000028   Code   RO          575    i.CAN_NVIC_Config   pi5008k_can.o
    0x080005f0   0x00000090   Code   RO           88    i.CAN_Receive       stm32f10x_can.o
    0x08000680   0x00000020   Code   RO           91    i.CAN_StructInit    stm32f10x_can.o
    0x080006a0   0x000000a4   Code   RO           93    i.CAN_Transmit      stm32f10x_can.o
    0x08000744   0x00000002   Code   RO            7    i.DebugMon_Handler  stm32f10x_it.o
    0x08000746   0x00000002   PAD
    0x08000748   0x0000002c   Code   RO          511    i.Delay_10us        init.o
    0x08000774   0x0000002c   Code   RO          512    i.Delay_ms          init.o
    0x080007a0   0x0000003c   Code   RO          528    i.EXTI0_IRQHandler  pi5008k_func.o
    0x080007dc   0x0000002c   Code   RO          529    i.EXTI2_IRQHandler  pi5008k_func.o
    0x08000808   0x0000002c   Code   RO          530    i.EXTI4_IRQHandler  pi5008k_func.o
    0x08000834   0x0000000c   Code   RO          144    i.EXTI_ClearITPendingBit  stm32f10x_exti.o
    0x08000840   0x00000020   Code   RO          148    i.EXTI_GetITStatus  stm32f10x_exti.o
    0x08000860   0x00000070   Code   RO          149    i.EXTI_Init         stm32f10x_exti.o
    0x080008d0   0x00000028   Code   RO          201    i.GPIO_EXTILineConfig  stm32f10x_gpio.o
    0x080008f8   0x000000a2   Code   RO          204    i.GPIO_Init         stm32f10x_gpio.o
    0x0800099a   0x0000000e   Code   RO          208    i.GPIO_ReadInputDataBit  stm32f10x_gpio.o
    0x080009a8   0x0000000a   Code   RO          215    i.GPIO_WriteBit     stm32f10x_gpio.o
    0x080009b2   0x00000002   Code   RO            8    i.HardFault_Handler  stm32f10x_it.o
    0x080009b4   0x00000014   Code   RO          222    i.I2C_Cmd           stm32f10x_i2c.o
    0x080009c8   0x000000bc   Code   RO          236    i.I2C_Init          stm32f10x_i2c.o
    0x08000a84   0x00000020   Code   RO          580    i.IrRxQueue_DeQueue  pi5008k_remocon.o
    0x08000aa4   0x00000018   Code   RO          581    i.IrRxQueue_EnQueue  pi5008k_remocon.o
    0x08000abc   0x00000018   Code   RO          582    i.IrRxQueue_Is_Empty  pi5008k_remocon.o
    0x08000ad4   0x00000006   Code   RO          569    i.MDelay            pi5008k_test.o
    0x08000ada   0x00000002   Code   RO            9    i.MemManage_Handler  stm32f10x_it.o
    0x08000adc   0x00000002   Code   RO           10    i.NMI_Handler       stm32f10x_it.o
    0x08000ade   0x00000002   PAD
    0x08000ae0   0x00000064   Code   RO           19    i.NVIC_Init         misc.o
    0x08000b44   0x00000014   Code   RO           20    i.NVIC_PriorityGroupConfig  misc.o
    0x08000b58   0x0000011c   Code   RO          531    i.PI5008K_5Dir_Key_Read  pi5008k_func.o
    0x08000c74   0x00000090   Code   RO          532    i.PI5008K_Init      pi5008k_func.o
    0x08000d04   0x00000064   Code   RO          533    i.PI5008K_LED_TOGGLE  pi5008k_func.o
    0x08000d68   0x000000bc   Code   RO          534    i.PI5008K_RDK_PrintHelp  pi5008k_func.o
    0x08000e24   0x00000030   Code   RO          570    i.PI5008K_Reset_Con  pi5008k_test.o
    0x08000e54   0x00000074   Code   RO          535    i.PI5008K_UART_BUF_INIT  pi5008k_func.o
    0x08000ec8   0x00000348   Code   RO          536    i.PI5008K_Uart1_CmdParsing  pi5008k_func.o
    0x08001210   0x000000f0   Code   RO          537    i.PI5008K_UartCmdProcessing  pi5008k_func.o
    0x08001300   0x000001d0   Code   RO          538    i.PI5008K_Uart_Con_Remote_Cmd  pi5008k_func.o
    0x080014d0   0x000001b0   Code   RO          539    i.PI5008K_Uart_Reg_Single_Write  pi5008k_func.o
    0x08001680   0x00000058   Code   RO          540    i.PI5008K_UartcmdGetCheckSum  pi5008k_func.o
    0x080016d8   0x00000034   Code   RO          541    i.PI5008K_Usart1CmdClearBufferAll  pi5008k_func.o
    0x0800170c   0x00000020   Code   RO          542    i.PI5008K_Usart1CmdExistFlagClear  pi5008k_func.o
    0x0800172c   0x00000020   Code   RO          544    i.PI5008K_Usart1GetCh  pi5008k_func.o
    0x0800174c   0x00000118   Code   RO          545    i.PI5008K_Usart1Push  pi5008k_func.o
    0x08001864   0x00000038   Code   RO          546    i.PI5008K_Usart2CmdClearBufferAll  pi5008k_func.o
    0x0800189c   0x00000020   Code   RO          547    i.PI5008K_Usart2CmdExistFlagClear  pi5008k_func.o
    0x080018bc   0x00000020   Code   RO          549    i.PI5008K_Usart2GetCh  pi5008k_func.o
    0x080018dc   0x00000034   Code   RO          551    i.PI5008K_Usart2_Get_Response  pi5008k_func.o
    0x08001910   0x00000008   Code   RO          552    i.PI5008K_UsartCmdArgHexGet  pi5008k_func.o
    0x08001918   0x0000005c   Code   RO          584    i.PI5008K_remocon_test_longkey  pi5008k_remocon.o
    0x08001974   0x00000002   Code   RO           11    i.PendSV_Handler    stm32f10x_it.o
    0x08001976   0x00000002   PAD
    0x08001978   0x00000038   Code   RO          553    i.PutUart1Con       pi5008k_func.o
    0x080019b0   0x00000040   Code   RO          554    i.PutUart2Con       pi5008k_func.o
    0x080019f0   0x00000018   Code   RO          266    i.RCC_APB1PeriphClockCmd  stm32f10x_rcc.o
    0x08001a08   0x00000018   Code   RO          267    i.RCC_APB1PeriphResetCmd  stm32f10x_rcc.o
    0x08001a20   0x00000018   Code   RO          268    i.RCC_APB2PeriphClockCmd  stm32f10x_rcc.o
    0x08001a38   0x000000a4   Code   RO          276    i.RCC_GetClocksFreq  stm32f10x_rcc.o
    0x08001adc   0x00000002   Code   RO           12    i.SVC_Handler       stm32f10x_it.o
    0x08001ade   0x00000002   PAD
    0x08001ae0   0x000000a8   Code   RO          491    i.SetSysClockTo72   system_stm32f10x.o
    0x08001b88   0x0000004c   Code   RO          515    i.Set_5Dir_Sw       init.o
    0x08001bd4   0x0000001c   Code   RO          576    i.Set_Can_Init      pi5008k_can.o
    0x08001bf0   0x00000110   Code   RO          516    i.Set_GPIO_Port     init.o
    0x08001d00   0x0000009c   Code   RO          517    i.Set_I2C_Port      init.o
    0x08001d9c   0x0000005c   Code   RO          518    i.Set_Remocon       init.o
    0x08001df8   0x00000060   Code   RO          519    i.Set_Timer         init.o
    0x08001e58   0x000000b0   Code   RO          520    i.Set_USART1        init.o
    0x08001f08   0x000000ac   Code   RO          521    i.Set_USART2        init.o
    0x08001fb4   0x00000030   Code   RO          522    i.SysTick_Config    init.o
    0x08001fe4   0x00000004   Code   RO           13    i.SysTick_Handler   stm32f10x_it.o
    0x08001fe8   0x00000050   Code   RO          493    i.SystemInit        system_stm32f10x.o
    0x08002038   0x00000038   Code   RO           14    i.TIM2_IRQHandler   stm32f10x_it.o
    0x08002070   0x00000040   Code   RO           15    i.TIM3_IRQHandler   stm32f10x_it.o
    0x080020b0   0x000000e8   Code   RO          555    i.TIM4_IRQHandler   pi5008k_func.o
    0x08002198   0x00000006   Code   RO          373    i.TIM_ClearITPendingBit  stm32f10x_tim.o
    0x0800219e   0x00000014   Code   RO          378    i.TIM_Cmd           stm32f10x_tim.o
    0x080021b2   0x00000004   Code   RO          393    i.TIM_GetCapture1   stm32f10x_tim.o
    0x080021b6   0x00000018   Code   RO          399    i.TIM_GetITStatus   stm32f10x_tim.o
    0x080021ce   0x00000010   Code   RO          403    i.TIM_ITConfig      stm32f10x_tim.o
    0x080021de   0x00000004   Code   RO          443    i.TIM_SetCounter    stm32f10x_tim.o
    0x080021e2   0x00000002   PAD
    0x080021e4   0x0000009c   Code   RO          449    i.TIM_TimeBaseInit  stm32f10x_tim.o
    0x08002280   0x00000014   Code   RO          524    i.TimingDelay_Decrement  init.o
    0x08002294   0x00000006   Code   RO          571    i.U10secDelay       pi5008k_test.o
    0x0800229a   0x00000002   PAD
    0x0800229c   0x00000018   Code   RO          556    i.UART1_PRINTF      pi5008k_func.o
    0x080022b4   0x00000018   Code   RO          557    i.UART2_PRINTF      pi5008k_func.o
    0x080022cc   0x00000050   Code   RO          558    i.USART1_IRQHandler  pi5008k_func.o
    0x0800231c   0x00000068   Code   RO          559    i.USART2_IRQHandler  pi5008k_func.o
    0x08002384   0x0000000c   Code   RO          454    i.USART_ClearITPendingBit  stm32f10x_usart.o
    0x08002390   0x00000014   Code   RO          457    i.USART_Cmd         stm32f10x_usart.o
    0x080023a4   0x0000000e   Code   RO          460    i.USART_GetFlagStatus  stm32f10x_usart.o
    0x080023b2   0x0000003e   Code   RO          461    i.USART_GetITStatus  stm32f10x_usart.o
    0x080023f0   0x00000030   Code   RO          463    i.USART_ITConfig    stm32f10x_usart.o
    0x08002420   0x000000ac   Code   RO          464    i.USART_Init        stm32f10x_usart.o
    0x080024cc   0x00000008   Code   RO          471    i.USART_ReceiveData  stm32f10x_usart.o
    0x080024d4   0x00000008   Code   RO          474    i.USART_SendData    stm32f10x_usart.o
    0x080024dc   0x0000007c   Code   RO          577    i.USB_LP_CAN1_RX0_IRQHandler  pi5008k_can.o
    0x08002558   0x00000002   Code   RO           16    i.UsageFault_Handler  stm32f10x_it.o
    0x0800255a   0x00000002   PAD
    0x0800255c   0x00000008   Code   RO          768    i.__aeabi_errno_addr  mc_w.l(errno.o)
    0x08002564   0x0000000e   Code   RO          787    i.__scatterload_copy  mc_w.l(handlers.o)
    0x08002572   0x00000002   Code   RO          788    i.__scatterload_null  mc_w.l(handlers.o)
    0x08002574   0x0000000e   Code   RO          789    i.__scatterload_zeroinit  mc_w.l(handlers.o)
    0x08002582   0x00000010   Code   RO          586    i.check_time_is_repeat  pi5008k_remocon.o
    0x08002592   0x00000010   Code   RO          587    i.check_time_is_start  pi5008k_remocon.o
    0x080025a2   0x00000002   PAD
    0x080025a4   0x00000094   Code   RO          588    i.get_current_ir_key_value  pi5008k_remocon.o
    0x08002638   0x00000010   Code   RO          589    i.ir_rx_queue_increase_point_value  pi5008k_remocon.o
    0x08002648   0x0000003c   Code   RO          560    i.itoa              pi5008k_func.o
    0x08002684   0x0000006c   Code   RO          561    i.long_itoa         pi5008k_func.o
    0x080026f0   0x0000001e   Code   RO            5    i.main              main.o
    0x0800270e   0x0000001c   Code   RO          562    i.reverse           pi5008k_func.o
    0x0800272a   0x00000002   PAD
    0x0800272c   0x00000760   Code   RO          591    i.send_current_key_value  pi5008k_remocon.o
    0x08002e8c   0x0000000a   Code   RO          563    i.swap              pi5008k_func.o
    0x08002e96   0x00000002   PAD
    0x08002e98   0x00000058   Code   RO          526    i.uComOnChipInitial  init.o
    0x08002ef0   0x000000f6   Code   RO          564    i.vfprintf_         pi5008k_func.o
    0x08002fe6   0x00000081   Data   RO          754    .constdata          mc_w.l(ctype_o.o)
    0x08003067   0x00000001   PAD
    0x08003068   0x00000004   Data   RO          755    .constdata          mc_w.l(ctype_o.o)
    0x0800306c   0x000000ba   Data   RO          566    .conststring        pi5008k_func.o
    0x08003126   0x00000002   PAD
    0x08003128   0x00000020   Data   RO          785    Region$$Table       anon$$obj.o


    Execution Region RW_IRAM1 (Base: 0x20000000, Size: 0x00000af0, Max: 0x00005000, ABSOLUTE)

    Base Addr    Size         Type   Attr      Idx    E Section Name        Object

    0x20000000   0x00000006   Data   RW           18    .data               stm32f10x_it.o
    0x20000006   0x00000014   Data   RW          296    .data               stm32f10x_rcc.o
    0x2000001a   0x00000002   PAD
    0x2000001c   0x00000014   Data   RW          494    .data               system_stm32f10x.o
    0x20000030   0x00000008   Data   RW          527    .data               init.o
    0x20000038   0x00000034   Data   RW          567    .data               pi5008k_func.o
    0x2000006c   0x00000004   Data   RW          572    .data               pi5008k_test.o
    0x20000070   0x00000001   Data   RW          579    .data               pi5008k_can.o
    0x20000071   0x00000003   PAD
    0x20000074   0x0000002c   Data   RW          593    .data               pi5008k_remocon.o
    0x200000a0   0x00000004   Data   RW          771    .data               mc_w.l(errno.o)
    0x200000a4   0x00000014   Zero   RW           17    .bss                stm32f10x_it.o
    0x200000b8   0x00000474   Zero   RW          565    .bss                pi5008k_func.o
    0x2000052c   0x00000030   Zero   RW          578    .bss                pi5008k_can.o
    0x2000055c   0x00000190   Zero   RW          592    .bss                pi5008k_remocon.o
    0x200006ec   0x00000004   PAD
    0x200006f0   0x00000400   Zero   RW            1    STACK               startup_stm32f10x_md.o


==============================================================================

Image component sizes


      Code (inc. data)   RO Data    RW Data    ZI Data      Debug   Object Name

      1284        110          0          8          0          0   init.o
        30          0          0          0          0          0   main.o
       120         16          0          0          0          0   misc.o
       380         82          0          1         48          0   pi5008k_can.o
      4656       1608        186         52       1140          0   pi5008k_func.o
      2256       1060          0         44        400          0   pi5008k_remocon.o
        60          4          0          4          0          0   pi5008k_test.o
        36          8        236          0       1024          0   startup_stm32f10x_md.o
       836         16          0          0          0          0   stm32f10x_can.o
       156         14          0          0          0          0   stm32f10x_exti.o
       226          6          0          0          0          0   stm32f10x_gpio.o
       208         10          0          0          0          0   stm32f10x_i2c.o
       140         18          0          6         20          0   stm32f10x_it.o
       236         42          0         20          0          0   stm32f10x_rcc.o
       230         42          0          0          0          0   stm32f10x_tim.o
       344          6          0          0          0          0   stm32f10x_usart.o
       248         24          0         20          0          0   system_stm32f10x.o

    ----------------------------------------------------------------------
     11468       3066        456        160       2636          0   Object Totals
         0          0         32          0          0          0   (incl. Generated)
        22          0          2          5          4          0   (incl. Padding)

    ----------------------------------------------------------------------

      Code (inc. data)   RO Data    RW Data    ZI Data      Debug   Library Member Name

        28          0          0          0          0          0   _chval.o
       158          0          0          0          0          0   _strtoul.o
         8          4        133          0          0          0   ctype_o.o
         0          0          0          0          0          0   entry.o
         0          0          0          0          0          0   entry10a.o
         0          0          0          0          0          0   entry11a.o
         8          4          0          0          0          0   entry2.o
         4          0          0          0          0          0   entry5.o
         0          0          0          0          0          0   entry7b.o
         0          0          0          0          0          0   entry8b.o
         8          4          0          0          0          0   entry9a.o
         8          4          0          4          0          0   errno.o
        30          0          0          0          0          0   handlers.o
        36          8          0          0          0          0   init.o
        36          0          0          0          0          0   memcpya.o
        36          0          0          0          0          0   memseta.o
        24          0          0          0          0          0   strcat.o
        28          0          0          0          0          0   strcmp.o
        18          0          0          0          0          0   strcpy.o
        14          0          0          0          0          0   strlen.o
       112          0          0          0          0          0   strtol.o

    ----------------------------------------------------------------------
       558         24        134          4          0          0   Library Totals
         2          0          1          0          0          0   (incl. Padding)

    ----------------------------------------------------------------------

      Code (inc. data)   RO Data    RW Data    ZI Data      Debug   Library Name

       556         24        133          4          0          0   mc_w.l

    ----------------------------------------------------------------------
       558         24        134          4          0          0   Library Totals

    ----------------------------------------------------------------------

==============================================================================


      Code (inc. data)   RO Data    RW Data    ZI Data      Debug   

     12026       3090        590        164       2636          0   Grand Totals
     12026       3090        590        164       2636          0   ELF Image Totals
     12026       3090        590        164          0          0   ROM Totals

==============================================================================

    Total RO  Size (Code + RO Data)                12616 (  12.32kB)
    Total RW  Size (RW Data + ZI Data)              2800 (   2.73kB)
    Total ROM Size (Code + RO Data + RW Data)      12780 (  12.48kB)

==============================================================================

